MPLINK 4.46, Linker
Linker Map File - Created Sun Jan 05 05:27:11 2014

                                 Section Info
                  Section       Type    Address   Location Size(Bytes)
                ---------  ---------  ---------  ---------  ---------
               _entry_scn       code   0x000000    program   0x000006
    HIGH_INTERRUPT_VECTOR       code   0x000008    program   0x000006
     LOW_INTERRUPT_VECTOR       code   0x000018    program   0x000006
    REMAPPED_RESET_VECTOR       code   0x001000    program   0x000006
REMAPPED_HIGH_INTERRUPT_VECTOR       code   0x001008    program   0x000006
REMAPPED_LOW_INTERRUPT_VECTOR       code   0x001018    program   0x000006
                   .cinit    romdata   0x00102a    program   0x000032
            .code_uart1.o       code   0x00105c    program   0x000512
            .code_gpios.o       code   0x00156e    program   0x0002c2
             .code_main.o       code   0x001830    program   0x000154
           .code_system.o       code   0x001984    program   0x0000fc
               _cinit_scn       code   0x001a80    program   0x00009e
                   STRING       code   0x001b1e    program   0x00009c
          .code_fxm3232.o       code   0x001bba    program   0x000070
         .code_fxd3232u.o       code   0x001c2a    program   0x000048
                    .code       code   0x001c72    program   0x000020
             _startup_scn       code   0x001c92    program   0x00001c
         .code_fxd0808u.o       code   0x001cae    program   0x00001c
           .code___init.o       code   0x001cca    program   0x000002
      .romdata_fxd0808u.o    romdata   0x001ccc    program   0x000000
      .romdata_fxd3232u.o    romdata   0x001ccc    program   0x000000
       .romdata_fxm3232.o    romdata   0x001ccc    program   0x000000
        .romdata___init.o    romdata   0x001ccc    program   0x000000
        .romdata_system.o    romdata   0x001ccc    program   0x000000
         .romdata_uart1.o    romdata   0x001ccc    program   0x000000
         .idata_uart1.o_i    romdata   0x001ccc    program   0x000003
         .romdata_gpios.o    romdata   0x001ccc    program   0x000000
          .romdata_main.o    romdata   0x001ccc    program   0x000000
         .romdata_c018i.o    romdata   0x001ccc    program   0x000000
        .idata_system.o_i    romdata   0x001ccf    program   0x000050
          .idata_main.o_i    romdata   0x001d1f    program   0x000001
         .idata_gpios.o_i    romdata   0x001d20    program   0x00001e
      .idata_fxd0808u.o_i    romdata   0x001d3e    program   0x000000
      .idata_fxd3232u.o_i    romdata   0x001d3e    program   0x000000
       .idata_fxm3232.o_i    romdata   0x001d3e    program   0x000000
        .idata___init.o_i    romdata   0x001d3e    program   0x000000
            .code_c018i.o       code   0x001d3e    program   0x000000
         .idata_c018i.o_i    romdata   0x001d3e    program   0x000000
      .config_7ff8_main.o    romdata   0x007ff8    program   0x000001
                MATH_DATA      udata   0x000000       data   0x000010
                 .tmpdata      udata   0x000010       data   0x00000c
          .idata_system.o      idata   0x000060       data   0x000050
           .udata_uart1.o      udata   0x0000b0       data   0x00001e
           .idata_gpios.o      idata   0x0000ce       data   0x00001e
           .udata_c018i.o      udata   0x0000ec       data   0x00000a
           .idata_uart1.o      idata   0x0000f6       data   0x000003
              temp_tblptr      udata   0x0000f9       data   0x000001
            .udata_main.o      udata   0x0000fa       data   0x000001
            .idata_main.o      idata   0x0000fb       data   0x000001
        .udata_fxd0808u.o      udata   0x0000fc       data   0x000000
        .idata_fxd0808u.o      idata   0x0000fc       data   0x000000
        .udata_fxd3232u.o      udata   0x0000fc       data   0x000000
        .idata_fxd3232u.o      idata   0x0000fc       data   0x000000
         .udata_fxm3232.o      udata   0x0000fc       data   0x000000
         .idata_fxm3232.o      idata   0x0000fc       data   0x000000
          .udata___init.o      udata   0x0000fc       data   0x000000
          .idata___init.o      idata   0x0000fc       data   0x000000
          .udata_system.o      udata   0x0000fc       data   0x000000
           .udata_gpios.o      udata   0x0000fc       data   0x000000
           .idata_c018i.o      idata   0x0000fc       data   0x000000
                   .stack      udata   0x000d00       data   0x000100
              SFR_BANKED0      udata   0x000ec6       data   0x00000e
              SFR_BANKED1      udata   0x000ed7       data   0x000008
              SFR_BANKED2      udata   0x000ee7       data   0x000004
              SFR_BANKED3      udata   0x000eec       data   0x000003
              SFR_BANKED4      udata   0x000ef2       data   0x000002
              SFR_BANKED5      udata   0x000ef6       data   0x000002
              SFR_BANKED6      udata   0x000efb       data   0x000005
              SFR_BANKED7      udata   0x000f26       data   0x000014
              SFR_BANKED8      udata   0x000f3c       data   0x000007
              SFR_BANKED9      udata   0x000f48       data   0x000008
             SFR_BANKED10      udata   0x000f52       data   0x00000e
            SFR_UNBANKED0      udata   0x000f60       data   0x0000a0



                              Program Memory Usage 
                               Start         End      
                           ---------   ---------      
                            0x000000    0x000005      
                            0x000008    0x00000d      
                            0x000018    0x00001d      
                            0x001000    0x001005      
                            0x001008    0x00100d      
                            0x001018    0x00101d      
                            0x00102a    0x001d3d      
                            0x007ff8    0x007ff8      
            3385 out of 32770 program addresses used, program memory utilization is 10%



                              Symbols - Sorted by Name
                     Name    Address   Location    Storage File                     
                ---------  ---------  ---------  --------- ---------                
                 FXD0808U   0x001cae    program     extern E:\3.45\pic18-lt\cxx-framework\src\traditional\math\fxd0808u.c
                 FXD3232U   0x001c2a    program     extern E:\3.45\pic18-lt\cxx-framework\src\traditional\math\fxd3232u.c
                  FXM3232   0x001bba    program     extern E:\3.45\pic18-lt\cxx-framework\src\traditional\math\fxm3232.c
       Gpios_PinDirection   0x00156e    program     extern H:\CodeBank8\bsp\Microchip\gpios\gpios.c
          Gpios_PullupPin   0x0016aa    program     extern H:\CodeBank8\bsp\Microchip\gpios\gpios.c
         Gpios_SetPullups   0x001816    program     extern H:\CodeBank8\bsp\Microchip\gpios\gpios.c
          Gpios_TogglePin   0x0016b6    program     extern H:\CodeBank8\bsp\Microchip\gpios\gpios.c
           Gpios_WritePin   0x00160c    program     extern H:\CodeBank8\bsp\Microchip\gpios\gpios.c
          Gpios_WritePort   0x001756    program     extern H:\CodeBank8\bsp\Microchip\gpios\gpios.c
          Gpios_WriteTris   0x0017b6    program     extern H:\CodeBank8\bsp\Microchip\gpios\gpios.c
           Gpios_bReadPin   0x001706    program     extern H:\CodeBank8\bsp\Microchip\gpios\gpios.c
         Gpios_u8ReadPort   0x001788    program     extern H:\CodeBank8\bsp\Microchip\gpios\gpios.c
      Gpios_u8ReadPullups   0x001822    program     extern H:\CodeBank8\bsp\Microchip\gpios\gpios.c
         Gpios_u8ReadTris   0x0017e8    program     extern H:\CodeBank8\bsp\Microchip\gpios\gpios.c
                 High_ISR   0x000008    program     extern C:\hotboards\Examples\Microchip\uart4.X\vectors.h
                  Low_ISR   0x000018    program     extern C:\hotboards\Examples\Microchip\uart4.X\vectors.h
        Remapped_High_ISR   0x001008    program     extern C:\hotboards\Examples\Microchip\uart4.X\vectors.h
         Remapped_Low_ISR   0x001018    program     extern C:\hotboards\Examples\Microchip\uart4.X\vectors.h
 System_DisableInterrupts   0x0019cc    program     extern H:\CodeBank8\bsp\Microchip\system\system.c
  System_EnableInterrupts   0x0019c4    program     extern H:\CodeBank8\bsp\Microchip\system\system.c
         System_EnablePLL   0x001984    program     extern H:\CodeBank8\bsp\Microchip\system\system.c
System_PeripheralPinSelect   0x0019d4    program     extern H:\CodeBank8\bsp\Microchip\system\system.c
         Uart1_CallbackRx   0x001968    program     extern C:\hotboards\Examples\Microchip\uart4.X\main.c
               Uart1_Init   0x00105c    program     extern H:\CodeBank8\bsp\Microchip\uart\uart1.c
            Uart1_PutChar   0x001160    program     extern H:\CodeBank8\bsp\Microchip\uart\uart1.c
          Uart1_PutString   0x00117e    program     extern H:\CodeBank8\bsp\Microchip\uart\uart1.c
Uart1_RxInterruptProprity   0x001144    program     extern H:\CodeBank8\bsp\Microchip\uart\uart1.c
              Uart1_RxIsr   0x0012ce    program     extern H:\CodeBank8\bsp\Microchip\uart\uart1.c
           Uart1_TxBuffer   0x0011c2    program     extern H:\CodeBank8\bsp\Microchip\uart\uart1.c
             Uart1_TxBusy   0x001294    program     extern H:\CodeBank8\bsp\Microchip\uart\uart1.c
      Uart1_TxFlashBuffer   0x001224    program     extern H:\CodeBank8\bsp\Microchip\uart\uart1.c
Uart1_TxInterruptProprity   0x001128    program     extern H:\CodeBank8\bsp\Microchip\uart\uart1.c
              Uart1_TxIsr   0x00129a    program     extern H:\CodeBank8\bsp\Microchip\uart\uart1.c
          Uart1_u8GetChar   0x0012e6    program     extern H:\CodeBank8\bsp\Microchip\uart\uart1.c
  YourHighPriorityISRCode   0x0018b0    program     extern C:\hotboards\Examples\Microchip\uart4.X\main.c
   YourLowPriorityISRCode   0x0018be    program     extern C:\hotboards\Examples\Microchip\uart4.X\main.c
              _3jContinue   0x001ba6    program     static E:\3.45\pic18-lt\cxx-framework\src\traditional\stdclib\mcpyp2r.asm
              _4jContinue   0x001b52    program     static E:\3.45\pic18-lt\cxx-framework\src\traditional\stdclib\memcpy.asm
                   _4jEnd   0x001bb0    program     static E:\3.45\pic18-lt\cxx-framework\src\traditional\stdclib\mcpyp2r.asm
                   _5jEnd   0x001b5c    program     static E:\3.45\pic18-lt\cxx-framework\src\traditional\stdclib\memcpy.asm
       ___return_lbl00000   0x001004    program     static                          
       ___return_lbl00000   0x000004    program     static                          
       ___return_lbl00000   0x001cc8    program     static                          
       ___return_lbl00000   0x001c70    program     static                          
       ___return_lbl00000   0x001c28    program     static                          
       ___return_lbl00001   0x00100c    program     static                          
       ___return_lbl00001   0x001cac    program     static                          
       ___return_lbl00002   0x00101c    program     static                          
       ___return_lbl00002   0x001b1c    program     static                          
       ___return_lbl00003   0x00000c    program     static                          
       ___return_lbl00004   0x00001c    program     static                          
       ___return_lbl00010   0x001a6e    program     static                          
       ___return_lbl00011   0x001a7e    program     static                          
               __config_0   0x007ff8    program     static C:\hotboards\Examples\Microchip\uart4.X\main.c
                   __init   0x001cca    program     extern E:\3.45\pic18-lt\cxx-framework\src\traditional\stdclib\__init.c
            __zero_memory   0x001c72    program     extern E:\3.45\pic18-lt\cxx-framework\src\traditional\proc\p18f45j50.asm
                _do_cinit   0x001a80    program     extern E:\3.45\pic18-lt\cxx-framework\src\traditional\startup\c018i.c
                   _entry   0x000000    program     extern E:\3.45\pic18-lt\cxx-framework\src\traditional\startup\c018i.c
                   _false   0x001c6c    program     static                          
                   _reset   0x001000    program     extern C:\hotboards\Examples\Microchip\uart4.X\vectors.h
                 _startup   0x001c92    program     extern E:\3.45\pic18-lt\cxx-framework\src\traditional\startup\c018i.c
                compare_l   0x001c88    program     static E:\3.45\pic18-lt\cxx-framework\src\traditional\proc\p18f45j50.asm
                copy_loop   0x001af2    program     static                          
            copy_one_byte   0x001af8    program     static                          
                     done   0x001b1c    program     static                          
             done_copying   0x001b06    program     static                          
                  endloop   0x001cc4    program     static                          
                     jEnd   0x001bb8    program     static E:\3.45\pic18-lt\cxx-framework\src\traditional\stdclib\mcpyp2r.asm
                     jEnd   0x001b62    program     static E:\3.45\pic18-lt\cxx-framework\src\traditional\stdclib\memcpy.asm
                    jLoop   0x001b9a    program     static E:\3.45\pic18-lt\cxx-framework\src\traditional\stdclib\mcpyp2r.asm
                    jLoop   0x001b46    program     static E:\3.45\pic18-lt\cxx-framework\src\traditional\stdclib\memcpy.asm
                     lock   0x001a70    program     static H:\CodeBank8\bsp\Microchip\system\system.c
                     loop   0x001cb6    program     static                          
                     loop   0x001ca2    program     static                          
                     loop   0x001c38    program     static                          
                   loop_h   0x001c80    program     static E:\3.45\pic18-lt\cxx-framework\src\traditional\proc\p18f45j50.asm
                   loop_l   0x001c8a    program     static E:\3.45\pic18-lt\cxx-framework\src\traditional\proc\p18f45j50.asm
                     main   0x001830    program     extern C:\hotboards\Examples\Microchip\uart4.X\main.c
                   memcpy   0x001b1e    program     extern E:\3.45\pic18-lt\cxx-framework\src\traditional\stdclib\memcpy.asm
            memcpypgm2ram   0x001b74    program     extern E:\3.45\pic18-lt\cxx-framework\src\traditional\stdclib\mcpyp2r.asm
                     test   0x001a9a    program     static                          
             u16BaudRateH   0x0013a0    program     static H:\CodeBank8\bsp\Microchip\uart\uart1.c
             u16BaudRateL   0x0012f6    program     static H:\CodeBank8\bsp\Microchip\uart\uart1.c
           u32GetBaudRate   0x00144a    program     static H:\CodeBank8\bsp\Microchip\uart\uart1.c
                   unlock   0x001a62    program     static H:\CodeBank8\bsp\Microchip\system\system.c
               zero_block   0x001c80    program     static E:\3.45\pic18-lt\cxx-framework\src\traditional\proc\p18f45j50.asm
                   ADCON0   0x000fc2       data     extern E:\3.45\pic18-lt\cxx-framework\src\traditional\proc\p18f45j50.asm
               ADCON0bits   0x000fc2       data     extern E:\3.45\pic18-lt\cxx-framework\src\traditional\proc\p18f45j50.asm
                   ADCON1   0x000fc1       data     extern E:\3.45\pic18-lt\cxx-framework\src\traditional\proc\p18f45j50.asm
               ADCON1bits   0x000fc1       data     extern E:\3.45\pic18-lt\cxx-framework\src\traditional\proc\p18f45j50.asm
                    ADRES   0x000fc3       data     extern E:\3.45\pic18-lt\cxx-framework\src\traditional\proc\p18f45j50.asm
                   ADRESH   0x000fc4       data     extern E:\3.45\pic18-lt\cxx-framework\src\traditional\proc\p18f45j50.asm
                   ADRESL   0x000fc3       data     extern E:\3.45\pic18-lt\cxx-framework\src\traditional\proc\p18f45j50.asm
                  ALRMCFG   0x000f91       data     extern E:\3.45\pic18-lt\cxx-framework\src\traditional\proc\p18f45j50.asm
              ALRMCFGbits   0x000f91       data     extern E:\3.45\pic18-lt\cxx-framework\src\traditional\proc\p18f45j50.asm
                  ALRMRPT   0x000f90       data     extern E:\3.45\pic18-lt\cxx-framework\src\traditional\proc\p18f45j50.asm
              ALRMRPTbits   0x000f90       data     extern E:\3.45\pic18-lt\cxx-framework\src\traditional\proc\p18f45j50.asm
                 ALRMVALH   0x000f8f       data     extern E:\3.45\pic18-lt\cxx-framework\src\traditional\proc\p18f45j50.asm
                 ALRMVALL   0x000f8e       data     extern E:\3.45\pic18-lt\cxx-framework\src\traditional\proc\p18f45j50.asm
                   ANCON0   0x000f48       data     extern E:\3.45\pic18-lt\cxx-framework\src\traditional\proc\p18f45j50.asm
               ANCON0bits   0x000f48       data     extern E:\3.45\pic18-lt\cxx-framework\src\traditional\proc\p18f45j50.asm
                   ANCON1   0x000f49       data     extern E:\3.45\pic18-lt\cxx-framework\src\traditional\proc\p18f45j50.asm
               ANCON1bits   0x000f49       data     extern E:\3.45\pic18-lt\cxx-framework\src\traditional\proc\p18f45j50.asm
                  BAUDCON   0x000f7e       data     extern E:\3.45\pic18-lt\cxx-framework\src\traditional\proc\p18f45j50.asm
                 BAUDCON1   0x000f7e       data     extern E:\3.45\pic18-lt\cxx-framework\src\traditional\proc\p18f45j50.asm
             BAUDCON1bits   0x000f7e       data     extern E:\3.45\pic18-lt\cxx-framework\src\traditional\proc\p18f45j50.asm
                 BAUDCON2   0x000f7c       data     extern E:\3.45\pic18-lt\cxx-framework\src\traditional\proc\p18f45j50.asm
             BAUDCON2bits   0x000f7c       data     extern E:\3.45\pic18-lt\cxx-framework\src\traditional\proc\p18f45j50.asm
              BAUDCONbits   0x000f7e       data     extern E:\3.45\pic18-lt\cxx-framework\src\traditional\proc\p18f45j50.asm
                  BAUDCTL   0x000f7e       data     extern E:\3.45\pic18-lt\cxx-framework\src\traditional\proc\p18f45j50.asm
              BAUDCTLbits   0x000f7e       data     extern E:\3.45\pic18-lt\cxx-framework\src\traditional\proc\p18f45j50.asm
                      BSR   0x000fe0       data     extern E:\3.45\pic18-lt\cxx-framework\src\traditional\proc\p18f45j50.asm
                  CCP1CON   0x000fba       data     extern E:\3.45\pic18-lt\cxx-framework\src\traditional\proc\p18f45j50.asm
              CCP1CONbits   0x000fba       data     extern E:\3.45\pic18-lt\cxx-framework\src\traditional\proc\p18f45j50.asm
                  CCP2CON   0x000fb4       data     extern E:\3.45\pic18-lt\cxx-framework\src\traditional\proc\p18f45j50.asm
              CCP2CONbits   0x000fb4       data     extern E:\3.45\pic18-lt\cxx-framework\src\traditional\proc\p18f45j50.asm
                    CCPR1   0x000fbb       data     extern E:\3.45\pic18-lt\cxx-framework\src\traditional\proc\p18f45j50.asm
                   CCPR1H   0x000fbc       data     extern E:\3.45\pic18-lt\cxx-framework\src\traditional\proc\p18f45j50.asm
                   CCPR1L   0x000fbb       data     extern E:\3.45\pic18-lt\cxx-framework\src\traditional\proc\p18f45j50.asm
                    CCPR2   0x000fb5       data     extern E:\3.45\pic18-lt\cxx-framework\src\traditional\proc\p18f45j50.asm
                   CCPR2H   0x000fb6       data     extern E:\3.45\pic18-lt\cxx-framework\src\traditional\proc\p18f45j50.asm
                   CCPR2L   0x000fb5       data     extern E:\3.45\pic18-lt\cxx-framework\src\traditional\proc\p18f45j50.asm
                   CM1CON   0x000fd2       data     extern E:\3.45\pic18-lt\cxx-framework\src\traditional\proc\p18f45j50.asm
                  CM1CON1   0x000fd2       data     extern E:\3.45\pic18-lt\cxx-framework\src\traditional\proc\p18f45j50.asm
              CM1CON1bits   0x000fd2       data     extern E:\3.45\pic18-lt\cxx-framework\src\traditional\proc\p18f45j50.asm
               CM1CONbits   0x000fd2       data     extern E:\3.45\pic18-lt\cxx-framework\src\traditional\proc\p18f45j50.asm
                   CM2CON   0x000fd1       data     extern E:\3.45\pic18-lt\cxx-framework\src\traditional\proc\p18f45j50.asm
                  CM2CON1   0x000fd1       data     extern E:\3.45\pic18-lt\cxx-framework\src\traditional\proc\p18f45j50.asm
              CM2CON1bits   0x000fd1       data     extern E:\3.45\pic18-lt\cxx-framework\src\traditional\proc\p18f45j50.asm
               CM2CONbits   0x000fd1       data     extern E:\3.45\pic18-lt\cxx-framework\src\traditional\proc\p18f45j50.asm
                   CMSTAT   0x000f70       data     extern E:\3.45\pic18-lt\cxx-framework\src\traditional\proc\p18f45j50.asm
                 CMSTATUS   0x000f70       data     extern E:\3.45\pic18-lt\cxx-framework\src\traditional\proc\p18f45j50.asm
             CMSTATUSbits   0x000f70       data     extern E:\3.45\pic18-lt\cxx-framework\src\traditional\proc\p18f45j50.asm
               CMSTATbits   0x000f70       data     extern E:\3.45\pic18-lt\cxx-framework\src\traditional\proc\p18f45j50.asm
                 CTMUCONH   0x000fb3       data     extern E:\3.45\pic18-lt\cxx-framework\src\traditional\proc\p18f45j50.asm
             CTMUCONHbits   0x000fb3       data     extern E:\3.45\pic18-lt\cxx-framework\src\traditional\proc\p18f45j50.asm
                 CTMUCONL   0x000fb2       data     extern E:\3.45\pic18-lt\cxx-framework\src\traditional\proc\p18f45j50.asm
             CTMUCONLbits   0x000fb2       data     extern E:\3.45\pic18-lt\cxx-framework\src\traditional\proc\p18f45j50.asm
                 CTMUICON   0x000fb1       data     extern E:\3.45\pic18-lt\cxx-framework\src\traditional\proc\p18f45j50.asm
             CTMUICONbits   0x000fb1       data     extern E:\3.45\pic18-lt\cxx-framework\src\traditional\proc\p18f45j50.asm
                   CVRCON   0x000f53       data     extern E:\3.45\pic18-lt\cxx-framework\src\traditional\proc\p18f45j50.asm
               CVRCONbits   0x000f53       data     extern E:\3.45\pic18-lt\cxx-framework\src\traditional\proc\p18f45j50.asm
                   DMABCH   0x000f66       data     extern E:\3.45\pic18-lt\cxx-framework\src\traditional\proc\p18f45j50.asm
               DMABCHbits   0x000f66       data     extern E:\3.45\pic18-lt\cxx-framework\src\traditional\proc\p18f45j50.asm
                   DMABCL   0x000f67       data     extern E:\3.45\pic18-lt\cxx-framework\src\traditional\proc\p18f45j50.asm
                  DMACON1   0x000f88       data     extern E:\3.45\pic18-lt\cxx-framework\src\traditional\proc\p18f45j50.asm
              DMACON1bits   0x000f88       data     extern E:\3.45\pic18-lt\cxx-framework\src\traditional\proc\p18f45j50.asm
                  DMACON2   0x000f86       data     extern E:\3.45\pic18-lt\cxx-framework\src\traditional\proc\p18f45j50.asm
              DMACON2bits   0x000f86       data     extern E:\3.45\pic18-lt\cxx-framework\src\traditional\proc\p18f45j50.asm
                   DSCONH   0x000f4d       data     extern E:\3.45\pic18-lt\cxx-framework\src\traditional\proc\p18f45j50.asm
               DSCONHbits   0x000f4d       data     extern E:\3.45\pic18-lt\cxx-framework\src\traditional\proc\p18f45j50.asm
                   DSCONL   0x000f4c       data     extern E:\3.45\pic18-lt\cxx-framework\src\traditional\proc\p18f45j50.asm
               DSCONLbits   0x000f4c       data     extern E:\3.45\pic18-lt\cxx-framework\src\traditional\proc\p18f45j50.asm
                   DSGPR0   0x000f4e       data     extern E:\3.45\pic18-lt\cxx-framework\src\traditional\proc\p18f45j50.asm
                   DSGPR1   0x000f4f       data     extern E:\3.45\pic18-lt\cxx-framework\src\traditional\proc\p18f45j50.asm
                  DSWAKEH   0x000f4b       data     extern E:\3.45\pic18-lt\cxx-framework\src\traditional\proc\p18f45j50.asm
              DSWAKEHbits   0x000f4b       data     extern E:\3.45\pic18-lt\cxx-framework\src\traditional\proc\p18f45j50.asm
                  DSWAKEL   0x000f4a       data     extern E:\3.45\pic18-lt\cxx-framework\src\traditional\proc\p18f45j50.asm
              DSWAKELbits   0x000f4a       data     extern E:\3.45\pic18-lt\cxx-framework\src\traditional\proc\p18f45j50.asm
                  ECCP1AS   0x000fbe       data     extern E:\3.45\pic18-lt\cxx-framework\src\traditional\proc\p18f45j50.asm
              ECCP1ASbits   0x000fbe       data     extern E:\3.45\pic18-lt\cxx-framework\src\traditional\proc\p18f45j50.asm
                 ECCP1CON   0x000fba       data     extern E:\3.45\pic18-lt\cxx-framework\src\traditional\proc\p18f45j50.asm
             ECCP1CONbits   0x000fba       data     extern E:\3.45\pic18-lt\cxx-framework\src\traditional\proc\p18f45j50.asm
                 ECCP1DEL   0x000fbd       data     extern E:\3.45\pic18-lt\cxx-framework\src\traditional\proc\p18f45j50.asm
             ECCP1DELbits   0x000fbd       data     extern E:\3.45\pic18-lt\cxx-framework\src\traditional\proc\p18f45j50.asm
                  ECCP2AS   0x000fb8       data     extern E:\3.45\pic18-lt\cxx-framework\src\traditional\proc\p18f45j50.asm
              ECCP2ASbits   0x000fb8       data     extern E:\3.45\pic18-lt\cxx-framework\src\traditional\proc\p18f45j50.asm
                 ECCP2CON   0x000fb4       data     extern E:\3.45\pic18-lt\cxx-framework\src\traditional\proc\p18f45j50.asm
             ECCP2CONbits   0x000fb4       data     extern E:\3.45\pic18-lt\cxx-framework\src\traditional\proc\p18f45j50.asm
                 ECCP2DEL   0x000fb7       data     extern E:\3.45\pic18-lt\cxx-framework\src\traditional\proc\p18f45j50.asm
             ECCP2DELbits   0x000fb7       data     extern E:\3.45\pic18-lt\cxx-framework\src\traditional\proc\p18f45j50.asm
                   EECON1   0x000fa6       data     extern E:\3.45\pic18-lt\cxx-framework\src\traditional\proc\p18f45j50.asm
               EECON1bits   0x000fa6       data     extern E:\3.45\pic18-lt\cxx-framework\src\traditional\proc\p18f45j50.asm
                   EECON2   0x000fa7       data     extern E:\3.45\pic18-lt\cxx-framework\src\traditional\proc\p18f45j50.asm
                     FSR0   0x000fe9       data     extern E:\3.45\pic18-lt\cxx-framework\src\traditional\proc\p18f45j50.asm
                    FSR0H   0x000fea       data     extern E:\3.45\pic18-lt\cxx-framework\src\traditional\proc\p18f45j50.asm
                    FSR0L   0x000fe9       data     extern E:\3.45\pic18-lt\cxx-framework\src\traditional\proc\p18f45j50.asm
                     FSR1   0x000fe1       data     extern E:\3.45\pic18-lt\cxx-framework\src\traditional\proc\p18f45j50.asm
                    FSR1H   0x000fe2       data     extern E:\3.45\pic18-lt\cxx-framework\src\traditional\proc\p18f45j50.asm
                    FSR1L   0x000fe1       data     extern E:\3.45\pic18-lt\cxx-framework\src\traditional\proc\p18f45j50.asm
                     FSR2   0x000fd9       data     extern E:\3.45\pic18-lt\cxx-framework\src\traditional\proc\p18f45j50.asm
                    FSR2H   0x000fda       data     extern E:\3.45\pic18-lt\cxx-framework\src\traditional\proc\p18f45j50.asm
                    FSR2L   0x000fd9       data     extern E:\3.45\pic18-lt\cxx-framework\src\traditional\proc\p18f45j50.asm
                  HLVDCON   0x000f85       data     extern E:\3.45\pic18-lt\cxx-framework\src\traditional\proc\p18f45j50.asm
              HLVDCONbits   0x000f85       data     extern E:\3.45\pic18-lt\cxx-framework\src\traditional\proc\p18f45j50.asm
                    INDF0   0x000fef       data     extern E:\3.45\pic18-lt\cxx-framework\src\traditional\proc\p18f45j50.asm
                    INDF1   0x000fe7       data     extern E:\3.45\pic18-lt\cxx-framework\src\traditional\proc\p18f45j50.asm
                    INDF2   0x000fdf       data     extern E:\3.45\pic18-lt\cxx-framework\src\traditional\proc\p18f45j50.asm
                   INTCON   0x000ff2       data     extern E:\3.45\pic18-lt\cxx-framework\src\traditional\proc\p18f45j50.asm
                  INTCON2   0x000ff1       data     extern E:\3.45\pic18-lt\cxx-framework\src\traditional\proc\p18f45j50.asm
              INTCON2bits   0x000ff1       data     extern E:\3.45\pic18-lt\cxx-framework\src\traditional\proc\p18f45j50.asm
                  INTCON3   0x000ff0       data     extern E:\3.45\pic18-lt\cxx-framework\src\traditional\proc\p18f45j50.asm
              INTCON3bits   0x000ff0       data     extern E:\3.45\pic18-lt\cxx-framework\src\traditional\proc\p18f45j50.asm
               INTCONbits   0x000ff2       data     extern E:\3.45\pic18-lt\cxx-framework\src\traditional\proc\p18f45j50.asm
                     IPR1   0x000f9f       data     extern E:\3.45\pic18-lt\cxx-framework\src\traditional\proc\p18f45j50.asm
                 IPR1bits   0x000f9f       data     extern E:\3.45\pic18-lt\cxx-framework\src\traditional\proc\p18f45j50.asm
                     IPR2   0x000fa2       data     extern E:\3.45\pic18-lt\cxx-framework\src\traditional\proc\p18f45j50.asm
                 IPR2bits   0x000fa2       data     extern E:\3.45\pic18-lt\cxx-framework\src\traditional\proc\p18f45j50.asm
                     IPR3   0x000fa5       data     extern E:\3.45\pic18-lt\cxx-framework\src\traditional\proc\p18f45j50.asm
                 IPR3bits   0x000fa5       data     extern E:\3.45\pic18-lt\cxx-framework\src\traditional\proc\p18f45j50.asm
                     LATA   0x000f89       data     extern E:\3.45\pic18-lt\cxx-framework\src\traditional\proc\p18f45j50.asm
                 LATAbits   0x000f89       data     extern E:\3.45\pic18-lt\cxx-framework\src\traditional\proc\p18f45j50.asm
                     LATB   0x000f8a       data     extern E:\3.45\pic18-lt\cxx-framework\src\traditional\proc\p18f45j50.asm
                 LATBbits   0x000f8a       data     extern E:\3.45\pic18-lt\cxx-framework\src\traditional\proc\p18f45j50.asm
                     LATC   0x000f8b       data     extern E:\3.45\pic18-lt\cxx-framework\src\traditional\proc\p18f45j50.asm
                 LATCbits   0x000f8b       data     extern E:\3.45\pic18-lt\cxx-framework\src\traditional\proc\p18f45j50.asm
                     LATD   0x000f8c       data     extern E:\3.45\pic18-lt\cxx-framework\src\traditional\proc\p18f45j50.asm
                 LATDbits   0x000f8c       data     extern E:\3.45\pic18-lt\cxx-framework\src\traditional\proc\p18f45j50.asm
                     LATE   0x000f8d       data     extern E:\3.45\pic18-lt\cxx-framework\src\traditional\proc\p18f45j50.asm
                 LATEbits   0x000f8d       data     extern E:\3.45\pic18-lt\cxx-framework\src\traditional\proc\p18f45j50.asm
                   ODCON1   0x000f42       data     extern E:\3.45\pic18-lt\cxx-framework\src\traditional\proc\p18f45j50.asm
               ODCON1bits   0x000f42       data     extern E:\3.45\pic18-lt\cxx-framework\src\traditional\proc\p18f45j50.asm
                   ODCON2   0x000f41       data     extern E:\3.45\pic18-lt\cxx-framework\src\traditional\proc\p18f45j50.asm
               ODCON2bits   0x000f41       data     extern E:\3.45\pic18-lt\cxx-framework\src\traditional\proc\p18f45j50.asm
                   ODCON3   0x000f40       data     extern E:\3.45\pic18-lt\cxx-framework\src\traditional\proc\p18f45j50.asm
               ODCON3bits   0x000f40       data     extern E:\3.45\pic18-lt\cxx-framework\src\traditional\proc\p18f45j50.asm
                   OSCCON   0x000fd3       data     extern E:\3.45\pic18-lt\cxx-framework\src\traditional\proc\p18f45j50.asm
               OSCCONbits   0x000fd3       data     extern E:\3.45\pic18-lt\cxx-framework\src\traditional\proc\p18f45j50.asm
                  OSCTUNE   0x000f9b       data     extern E:\3.45\pic18-lt\cxx-framework\src\traditional\proc\p18f45j50.asm
              OSCTUNEbits   0x000f9b       data     extern E:\3.45\pic18-lt\cxx-framework\src\traditional\proc\p18f45j50.asm
                  PADCFG1   0x000f3c       data     extern E:\3.45\pic18-lt\cxx-framework\src\traditional\proc\p18f45j50.asm
              PADCFG1bits   0x000f3c       data     extern E:\3.45\pic18-lt\cxx-framework\src\traditional\proc\p18f45j50.asm
                       PC   0x000ff9       data     extern E:\3.45\pic18-lt\cxx-framework\src\traditional\proc\p18f45j50.asm
                      PCL   0x000ff9       data     extern E:\3.45\pic18-lt\cxx-framework\src\traditional\proc\p18f45j50.asm
                   PCLATH   0x000ffa       data     extern E:\3.45\pic18-lt\cxx-framework\src\traditional\proc\p18f45j50.asm
                   PCLATU   0x000ffb       data     extern E:\3.45\pic18-lt\cxx-framework\src\traditional\proc\p18f45j50.asm
                     PIE1   0x000f9d       data     extern E:\3.45\pic18-lt\cxx-framework\src\traditional\proc\p18f45j50.asm
                 PIE1bits   0x000f9d       data     extern E:\3.45\pic18-lt\cxx-framework\src\traditional\proc\p18f45j50.asm
                     PIE2   0x000fa0       data     extern E:\3.45\pic18-lt\cxx-framework\src\traditional\proc\p18f45j50.asm
                 PIE2bits   0x000fa0       data     extern E:\3.45\pic18-lt\cxx-framework\src\traditional\proc\p18f45j50.asm
                     PIE3   0x000fa3       data     extern E:\3.45\pic18-lt\cxx-framework\src\traditional\proc\p18f45j50.asm
                 PIE3bits   0x000fa3       data     extern E:\3.45\pic18-lt\cxx-framework\src\traditional\proc\p18f45j50.asm
                     PIR1   0x000f9e       data     extern E:\3.45\pic18-lt\cxx-framework\src\traditional\proc\p18f45j50.asm
                 PIR1bits   0x000f9e       data     extern E:\3.45\pic18-lt\cxx-framework\src\traditional\proc\p18f45j50.asm
                     PIR2   0x000fa1       data     extern E:\3.45\pic18-lt\cxx-framework\src\traditional\proc\p18f45j50.asm
                 PIR2bits   0x000fa1       data     extern E:\3.45\pic18-lt\cxx-framework\src\traditional\proc\p18f45j50.asm
                     PIR3   0x000fa4       data     extern E:\3.45\pic18-lt\cxx-framework\src\traditional\proc\p18f45j50.asm
                 PIR3bits   0x000fa4       data     extern E:\3.45\pic18-lt\cxx-framework\src\traditional\proc\p18f45j50.asm
                   PLUSW0   0x000feb       data     extern E:\3.45\pic18-lt\cxx-framework\src\traditional\proc\p18f45j50.asm
                   PLUSW1   0x000fe3       data     extern E:\3.45\pic18-lt\cxx-framework\src\traditional\proc\p18f45j50.asm
                   PLUSW2   0x000fdb       data     extern E:\3.45\pic18-lt\cxx-framework\src\traditional\proc\p18f45j50.asm
                  PMADDRH   0x000f6f       data     extern E:\3.45\pic18-lt\cxx-framework\src\traditional\proc\p18f45j50.asm
              PMADDRHbits   0x000f6f       data     extern E:\3.45\pic18-lt\cxx-framework\src\traditional\proc\p18f45j50.asm
                  PMADDRL   0x000f6e       data     extern E:\3.45\pic18-lt\cxx-framework\src\traditional\proc\p18f45j50.asm
                   PMCONH   0x000f5f       data     extern E:\3.45\pic18-lt\cxx-framework\src\traditional\proc\p18f45j50.asm
               PMCONHbits   0x000f5f       data     extern E:\3.45\pic18-lt\cxx-framework\src\traditional\proc\p18f45j50.asm
                   PMCONL   0x000f5e       data     extern E:\3.45\pic18-lt\cxx-framework\src\traditional\proc\p18f45j50.asm
               PMCONLbits   0x000f5e       data     extern E:\3.45\pic18-lt\cxx-framework\src\traditional\proc\p18f45j50.asm
                  PMDIN1H   0x000f6d       data     extern E:\3.45\pic18-lt\cxx-framework\src\traditional\proc\p18f45j50.asm
                  PMDIN1L   0x000f6c       data     extern E:\3.45\pic18-lt\cxx-framework\src\traditional\proc\p18f45j50.asm
                  PMDIN2H   0x000f59       data     extern E:\3.45\pic18-lt\cxx-framework\src\traditional\proc\p18f45j50.asm
                  PMDIN2L   0x000f58       data     extern E:\3.45\pic18-lt\cxx-framework\src\traditional\proc\p18f45j50.asm
                 PMDOUT1H   0x000f6f       data     extern E:\3.45\pic18-lt\cxx-framework\src\traditional\proc\p18f45j50.asm
                 PMDOUT1L   0x000f6e       data     extern E:\3.45\pic18-lt\cxx-framework\src\traditional\proc\p18f45j50.asm
                 PMDOUT2H   0x000f5b       data     extern E:\3.45\pic18-lt\cxx-framework\src\traditional\proc\p18f45j50.asm
                 PMDOUT2L   0x000f5a       data     extern E:\3.45\pic18-lt\cxx-framework\src\traditional\proc\p18f45j50.asm
                     PMEH   0x000f57       data     extern E:\3.45\pic18-lt\cxx-framework\src\traditional\proc\p18f45j50.asm
                 PMEHbits   0x000f57       data     extern E:\3.45\pic18-lt\cxx-framework\src\traditional\proc\p18f45j50.asm
                     PMEL   0x000f56       data     extern E:\3.45\pic18-lt\cxx-framework\src\traditional\proc\p18f45j50.asm
                 PMELbits   0x000f56       data     extern E:\3.45\pic18-lt\cxx-framework\src\traditional\proc\p18f45j50.asm
                  PMMODEH   0x000f5d       data     extern E:\3.45\pic18-lt\cxx-framework\src\traditional\proc\p18f45j50.asm
              PMMODEHbits   0x000f5d       data     extern E:\3.45\pic18-lt\cxx-framework\src\traditional\proc\p18f45j50.asm
                  PMMODEL   0x000f5c       data     extern E:\3.45\pic18-lt\cxx-framework\src\traditional\proc\p18f45j50.asm
              PMMODELbits   0x000f5c       data     extern E:\3.45\pic18-lt\cxx-framework\src\traditional\proc\p18f45j50.asm
                  PMSTATH   0x000f55       data     extern E:\3.45\pic18-lt\cxx-framework\src\traditional\proc\p18f45j50.asm
              PMSTATHbits   0x000f55       data     extern E:\3.45\pic18-lt\cxx-framework\src\traditional\proc\p18f45j50.asm
                  PMSTATL   0x000f54       data     extern E:\3.45\pic18-lt\cxx-framework\src\traditional\proc\p18f45j50.asm
              PMSTATLbits   0x000f54       data     extern E:\3.45\pic18-lt\cxx-framework\src\traditional\proc\p18f45j50.asm
                    PORTA   0x000f80       data     extern E:\3.45\pic18-lt\cxx-framework\src\traditional\proc\p18f45j50.asm
                PORTAbits   0x000f80       data     extern E:\3.45\pic18-lt\cxx-framework\src\traditional\proc\p18f45j50.asm
                    PORTB   0x000f81       data     extern E:\3.45\pic18-lt\cxx-framework\src\traditional\proc\p18f45j50.asm
                PORTBbits   0x000f81       data     extern E:\3.45\pic18-lt\cxx-framework\src\traditional\proc\p18f45j50.asm
                    PORTC   0x000f82       data     extern E:\3.45\pic18-lt\cxx-framework\src\traditional\proc\p18f45j50.asm
                PORTCbits   0x000f82       data     extern E:\3.45\pic18-lt\cxx-framework\src\traditional\proc\p18f45j50.asm
                    PORTD   0x000f83       data     extern E:\3.45\pic18-lt\cxx-framework\src\traditional\proc\p18f45j50.asm
                PORTDbits   0x000f83       data     extern E:\3.45\pic18-lt\cxx-framework\src\traditional\proc\p18f45j50.asm
                    PORTE   0x000f84       data     extern E:\3.45\pic18-lt\cxx-framework\src\traditional\proc\p18f45j50.asm
                PORTEbits   0x000f84       data     extern E:\3.45\pic18-lt\cxx-framework\src\traditional\proc\p18f45j50.asm
                 POSTDEC0   0x000fed       data     extern E:\3.45\pic18-lt\cxx-framework\src\traditional\proc\p18f45j50.asm
                 POSTDEC1   0x000fe5       data     extern E:\3.45\pic18-lt\cxx-framework\src\traditional\proc\p18f45j50.asm
                 POSTDEC2   0x000fdd       data     extern E:\3.45\pic18-lt\cxx-framework\src\traditional\proc\p18f45j50.asm
                 POSTINC0   0x000fee       data     extern E:\3.45\pic18-lt\cxx-framework\src\traditional\proc\p18f45j50.asm
                 POSTINC1   0x000fe6       data     extern E:\3.45\pic18-lt\cxx-framework\src\traditional\proc\p18f45j50.asm
                 POSTINC2   0x000fde       data     extern E:\3.45\pic18-lt\cxx-framework\src\traditional\proc\p18f45j50.asm
                   PPSCON   0x000eff       data     extern E:\3.45\pic18-lt\cxx-framework\src\traditional\proc\p18f45j50.asm
               PPSCONbits   0x000eff       data     extern E:\3.45\pic18-lt\cxx-framework\src\traditional\proc\p18f45j50.asm
                      PR2   0x000fcb       data     extern E:\3.45\pic18-lt\cxx-framework\src\traditional\proc\p18f45j50.asm
                      PR4   0x000f77       data     extern E:\3.45\pic18-lt\cxx-framework\src\traditional\proc\p18f45j50.asm
                  PREINC0   0x000fec       data     extern E:\3.45\pic18-lt\cxx-framework\src\traditional\proc\p18f45j50.asm
                  PREINC1   0x000fe4       data     extern E:\3.45\pic18-lt\cxx-framework\src\traditional\proc\p18f45j50.asm
                  PREINC2   0x000fdc       data     extern E:\3.45\pic18-lt\cxx-framework\src\traditional\proc\p18f45j50.asm
                     PROD   0x000ff3       data     extern E:\3.45\pic18-lt\cxx-framework\src\traditional\proc\p18f45j50.asm
                    PRODH   0x000ff4       data     extern E:\3.45\pic18-lt\cxx-framework\src\traditional\proc\p18f45j50.asm
                    PRODL   0x000ff3       data     extern E:\3.45\pic18-lt\cxx-framework\src\traditional\proc\p18f45j50.asm
                 PSTR1CON   0x000fbf       data     extern E:\3.45\pic18-lt\cxx-framework\src\traditional\proc\p18f45j50.asm
             PSTR1CONbits   0x000fbf       data     extern E:\3.45\pic18-lt\cxx-framework\src\traditional\proc\p18f45j50.asm
                 PSTR2CON   0x000fb9       data     extern E:\3.45\pic18-lt\cxx-framework\src\traditional\proc\p18f45j50.asm
             PSTR2CONbits   0x000fb9       data     extern E:\3.45\pic18-lt\cxx-framework\src\traditional\proc\p18f45j50.asm
                  PWM1CON   0x000fbd       data     extern E:\3.45\pic18-lt\cxx-framework\src\traditional\proc\p18f45j50.asm
              PWM1CONbits   0x000fbd       data     extern E:\3.45\pic18-lt\cxx-framework\src\traditional\proc\p18f45j50.asm
                  PWM2CON   0x000fb7       data     extern E:\3.45\pic18-lt\cxx-framework\src\traditional\proc\p18f45j50.asm
              PWM2CONbits   0x000fb7       data     extern E:\3.45\pic18-lt\cxx-framework\src\traditional\proc\p18f45j50.asm
                     RCON   0x000fd0       data     extern E:\3.45\pic18-lt\cxx-framework\src\traditional\proc\p18f45j50.asm
                 RCONbits   0x000fd0       data     extern E:\3.45\pic18-lt\cxx-framework\src\traditional\proc\p18f45j50.asm
                    RCREG   0x000faf       data     extern E:\3.45\pic18-lt\cxx-framework\src\traditional\proc\p18f45j50.asm
                   RCREG1   0x000faf       data     extern E:\3.45\pic18-lt\cxx-framework\src\traditional\proc\p18f45j50.asm
                   RCREG2   0x000faa       data     extern E:\3.45\pic18-lt\cxx-framework\src\traditional\proc\p18f45j50.asm
                    RCSTA   0x000fac       data     extern E:\3.45\pic18-lt\cxx-framework\src\traditional\proc\p18f45j50.asm
                   RCSTA1   0x000fac       data     extern E:\3.45\pic18-lt\cxx-framework\src\traditional\proc\p18f45j50.asm
               RCSTA1bits   0x000fac       data     extern E:\3.45\pic18-lt\cxx-framework\src\traditional\proc\p18f45j50.asm
                   RCSTA2   0x000f9c       data     extern E:\3.45\pic18-lt\cxx-framework\src\traditional\proc\p18f45j50.asm
               RCSTA2bits   0x000f9c       data     extern E:\3.45\pic18-lt\cxx-framework\src\traditional\proc\p18f45j50.asm
                RCSTAbits   0x000fac       data     extern E:\3.45\pic18-lt\cxx-framework\src\traditional\proc\p18f45j50.asm
                  REFOCON   0x000f3d       data     extern E:\3.45\pic18-lt\cxx-framework\src\traditional\proc\p18f45j50.asm
              REFOCONbits   0x000f3d       data     extern E:\3.45\pic18-lt\cxx-framework\src\traditional\proc\p18f45j50.asm
                   RPINR1   0x000ee7       data     extern E:\3.45\pic18-lt\cxx-framework\src\traditional\proc\p18f45j50.asm
                  RPINR12   0x000ef2       data     extern E:\3.45\pic18-lt\cxx-framework\src\traditional\proc\p18f45j50.asm
                  RPINR13   0x000ef3       data     extern E:\3.45\pic18-lt\cxx-framework\src\traditional\proc\p18f45j50.asm
                  RPINR16   0x000ef6       data     extern E:\3.45\pic18-lt\cxx-framework\src\traditional\proc\p18f45j50.asm
                  RPINR17   0x000ef7       data     extern E:\3.45\pic18-lt\cxx-framework\src\traditional\proc\p18f45j50.asm
                   RPINR2   0x000ee8       data     extern E:\3.45\pic18-lt\cxx-framework\src\traditional\proc\p18f45j50.asm
                  RPINR21   0x000efb       data     extern E:\3.45\pic18-lt\cxx-framework\src\traditional\proc\p18f45j50.asm
                  RPINR22   0x000efc       data     extern E:\3.45\pic18-lt\cxx-framework\src\traditional\proc\p18f45j50.asm
                  RPINR23   0x000efd       data     extern E:\3.45\pic18-lt\cxx-framework\src\traditional\proc\p18f45j50.asm
                  RPINR24   0x000efe       data     extern E:\3.45\pic18-lt\cxx-framework\src\traditional\proc\p18f45j50.asm
                   RPINR3   0x000ee9       data     extern E:\3.45\pic18-lt\cxx-framework\src\traditional\proc\p18f45j50.asm
                   RPINR4   0x000eea       data     extern E:\3.45\pic18-lt\cxx-framework\src\traditional\proc\p18f45j50.asm
                   RPINR6   0x000eec       data     extern E:\3.45\pic18-lt\cxx-framework\src\traditional\proc\p18f45j50.asm
                   RPINR7   0x000eed       data     extern E:\3.45\pic18-lt\cxx-framework\src\traditional\proc\p18f45j50.asm
                   RPINR8   0x000eee       data     extern E:\3.45\pic18-lt\cxx-framework\src\traditional\proc\p18f45j50.asm
                    RPOR0   0x000ec6       data     extern E:\3.45\pic18-lt\cxx-framework\src\traditional\proc\p18f45j50.asm
                    RPOR1   0x000ec7       data     extern E:\3.45\pic18-lt\cxx-framework\src\traditional\proc\p18f45j50.asm
                   RPOR10   0x000ed0       data     extern E:\3.45\pic18-lt\cxx-framework\src\traditional\proc\p18f45j50.asm
                   RPOR11   0x000ed1       data     extern E:\3.45\pic18-lt\cxx-framework\src\traditional\proc\p18f45j50.asm
                   RPOR12   0x000ed2       data     extern E:\3.45\pic18-lt\cxx-framework\src\traditional\proc\p18f45j50.asm
                   RPOR13   0x000ed3       data     extern E:\3.45\pic18-lt\cxx-framework\src\traditional\proc\p18f45j50.asm
                   RPOR17   0x000ed7       data     extern E:\3.45\pic18-lt\cxx-framework\src\traditional\proc\p18f45j50.asm
                   RPOR18   0x000ed8       data     extern E:\3.45\pic18-lt\cxx-framework\src\traditional\proc\p18f45j50.asm
                   RPOR19   0x000ed9       data     extern E:\3.45\pic18-lt\cxx-framework\src\traditional\proc\p18f45j50.asm
                    RPOR2   0x000ec8       data     extern E:\3.45\pic18-lt\cxx-framework\src\traditional\proc\p18f45j50.asm
                   RPOR20   0x000eda       data     extern E:\3.45\pic18-lt\cxx-framework\src\traditional\proc\p18f45j50.asm
                   RPOR21   0x000edb       data     extern E:\3.45\pic18-lt\cxx-framework\src\traditional\proc\p18f45j50.asm
                   RPOR22   0x000edc       data     extern E:\3.45\pic18-lt\cxx-framework\src\traditional\proc\p18f45j50.asm
                   RPOR23   0x000edd       data     extern E:\3.45\pic18-lt\cxx-framework\src\traditional\proc\p18f45j50.asm
                   RPOR24   0x000ede       data     extern E:\3.45\pic18-lt\cxx-framework\src\traditional\proc\p18f45j50.asm
                    RPOR3   0x000ec9       data     extern E:\3.45\pic18-lt\cxx-framework\src\traditional\proc\p18f45j50.asm
                    RPOR4   0x000eca       data     extern E:\3.45\pic18-lt\cxx-framework\src\traditional\proc\p18f45j50.asm
                    RPOR5   0x000ecb       data     extern E:\3.45\pic18-lt\cxx-framework\src\traditional\proc\p18f45j50.asm
                    RPOR6   0x000ecc       data     extern E:\3.45\pic18-lt\cxx-framework\src\traditional\proc\p18f45j50.asm
                    RPOR7   0x000ecd       data     extern E:\3.45\pic18-lt\cxx-framework\src\traditional\proc\p18f45j50.asm
                    RPOR8   0x000ece       data     extern E:\3.45\pic18-lt\cxx-framework\src\traditional\proc\p18f45j50.asm
                    RPOR9   0x000ecf       data     extern E:\3.45\pic18-lt\cxx-framework\src\traditional\proc\p18f45j50.asm
                   RTCCAL   0x000f3e       data     extern E:\3.45\pic18-lt\cxx-framework\src\traditional\proc\p18f45j50.asm
               RTCCALbits   0x000f3e       data     extern E:\3.45\pic18-lt\cxx-framework\src\traditional\proc\p18f45j50.asm
                   RTCCFG   0x000f3f       data     extern E:\3.45\pic18-lt\cxx-framework\src\traditional\proc\p18f45j50.asm
               RTCCFGbits   0x000f3f       data     extern E:\3.45\pic18-lt\cxx-framework\src\traditional\proc\p18f45j50.asm
                  RTCVALH   0x000f99       data     extern E:\3.45\pic18-lt\cxx-framework\src\traditional\proc\p18f45j50.asm
                  RTCVALL   0x000f98       data     extern E:\3.45\pic18-lt\cxx-framework\src\traditional\proc\p18f45j50.asm
                  RXADDRH   0x000f68       data     extern E:\3.45\pic18-lt\cxx-framework\src\traditional\proc\p18f45j50.asm
              RXADDRHbits   0x000f68       data     extern E:\3.45\pic18-lt\cxx-framework\src\traditional\proc\p18f45j50.asm
                  RXADDRL   0x000f69       data     extern E:\3.45\pic18-lt\cxx-framework\src\traditional\proc\p18f45j50.asm
                     SIGN   0x00000e       data     extern E:\3.45\pic18-lt\cxx-framework\src\traditional\math\cmath18.asm
                    SPBRG   0x000fb0       data     extern E:\3.45\pic18-lt\cxx-framework\src\traditional\proc\p18f45j50.asm
                   SPBRG1   0x000fb0       data     extern E:\3.45\pic18-lt\cxx-framework\src\traditional\proc\p18f45j50.asm
                   SPBRG2   0x000fab       data     extern E:\3.45\pic18-lt\cxx-framework\src\traditional\proc\p18f45j50.asm
                   SPBRGH   0x000f7f       data     extern E:\3.45\pic18-lt\cxx-framework\src\traditional\proc\p18f45j50.asm
                  SPBRGH1   0x000f7f       data     extern E:\3.45\pic18-lt\cxx-framework\src\traditional\proc\p18f45j50.asm
                  SPBRGH2   0x000f7d       data     extern E:\3.45\pic18-lt\cxx-framework\src\traditional\proc\p18f45j50.asm
                  SSP1ADD   0x000fc8       data     extern E:\3.45\pic18-lt\cxx-framework\src\traditional\proc\p18f45j50.asm
              SSP1ADDbits   0x000fc8       data     extern E:\3.45\pic18-lt\cxx-framework\src\traditional\proc\p18f45j50.asm
                  SSP1BUF   0x000fc9       data     extern E:\3.45\pic18-lt\cxx-framework\src\traditional\proc\p18f45j50.asm
                 SSP1CON1   0x000fc6       data     extern E:\3.45\pic18-lt\cxx-framework\src\traditional\proc\p18f45j50.asm
             SSP1CON1bits   0x000fc6       data     extern E:\3.45\pic18-lt\cxx-framework\src\traditional\proc\p18f45j50.asm
                 SSP1CON2   0x000fc5       data     extern E:\3.45\pic18-lt\cxx-framework\src\traditional\proc\p18f45j50.asm
             SSP1CON2bits   0x000fc5       data     extern E:\3.45\pic18-lt\cxx-framework\src\traditional\proc\p18f45j50.asm
                 SSP1STAT   0x000fc7       data     extern E:\3.45\pic18-lt\cxx-framework\src\traditional\proc\p18f45j50.asm
             SSP1STATbits   0x000fc7       data     extern E:\3.45\pic18-lt\cxx-framework\src\traditional\proc\p18f45j50.asm
                  SSP2ADD   0x000f74       data     extern E:\3.45\pic18-lt\cxx-framework\src\traditional\proc\p18f45j50.asm
              SSP2ADDbits   0x000f74       data     extern E:\3.45\pic18-lt\cxx-framework\src\traditional\proc\p18f45j50.asm
                  SSP2BUF   0x000f75       data     extern E:\3.45\pic18-lt\cxx-framework\src\traditional\proc\p18f45j50.asm
                 SSP2CON1   0x000f72       data     extern E:\3.45\pic18-lt\cxx-framework\src\traditional\proc\p18f45j50.asm
             SSP2CON1bits   0x000f72       data     extern E:\3.45\pic18-lt\cxx-framework\src\traditional\proc\p18f45j50.asm
                 SSP2CON2   0x000f71       data     extern E:\3.45\pic18-lt\cxx-framework\src\traditional\proc\p18f45j50.asm
             SSP2CON2bits   0x000f71       data     extern E:\3.45\pic18-lt\cxx-framework\src\traditional\proc\p18f45j50.asm
                 SSP2STAT   0x000f73       data     extern E:\3.45\pic18-lt\cxx-framework\src\traditional\proc\p18f45j50.asm
             SSP2STATbits   0x000f73       data     extern E:\3.45\pic18-lt\cxx-framework\src\traditional\proc\p18f45j50.asm
                   SSPADD   0x000fc8       data     extern E:\3.45\pic18-lt\cxx-framework\src\traditional\proc\p18f45j50.asm
               SSPADDbits   0x000fc8       data     extern E:\3.45\pic18-lt\cxx-framework\src\traditional\proc\p18f45j50.asm
                   SSPBUF   0x000fc9       data     extern E:\3.45\pic18-lt\cxx-framework\src\traditional\proc\p18f45j50.asm
                  SSPCON1   0x000fc6       data     extern E:\3.45\pic18-lt\cxx-framework\src\traditional\proc\p18f45j50.asm
              SSPCON1bits   0x000fc6       data     extern E:\3.45\pic18-lt\cxx-framework\src\traditional\proc\p18f45j50.asm
                  SSPCON2   0x000fc5       data     extern E:\3.45\pic18-lt\cxx-framework\src\traditional\proc\p18f45j50.asm
              SSPCON2bits   0x000fc5       data     extern E:\3.45\pic18-lt\cxx-framework\src\traditional\proc\p18f45j50.asm
                  SSPSTAT   0x000fc7       data     extern E:\3.45\pic18-lt\cxx-framework\src\traditional\proc\p18f45j50.asm
              SSPSTATbits   0x000fc7       data     extern E:\3.45\pic18-lt\cxx-framework\src\traditional\proc\p18f45j50.asm
                   STATUS   0x000fd8       data     extern E:\3.45\pic18-lt\cxx-framework\src\traditional\proc\p18f45j50.asm
               STATUSbits   0x000fd8       data     extern E:\3.45\pic18-lt\cxx-framework\src\traditional\proc\p18f45j50.asm
                   STKPTR   0x000ffc       data     extern E:\3.45\pic18-lt\cxx-framework\src\traditional\proc\p18f45j50.asm
               STKPTRbits   0x000ffc       data     extern E:\3.45\pic18-lt\cxx-framework\src\traditional\proc\p18f45j50.asm
                    T0CON   0x000fd5       data     extern E:\3.45\pic18-lt\cxx-framework\src\traditional\proc\p18f45j50.asm
                T0CONbits   0x000fd5       data     extern E:\3.45\pic18-lt\cxx-framework\src\traditional\proc\p18f45j50.asm
                    T1CON   0x000fcd       data     extern E:\3.45\pic18-lt\cxx-framework\src\traditional\proc\p18f45j50.asm
                T1CONbits   0x000fcd       data     extern E:\3.45\pic18-lt\cxx-framework\src\traditional\proc\p18f45j50.asm
                   T1GCON   0x000f9a       data     extern E:\3.45\pic18-lt\cxx-framework\src\traditional\proc\p18f45j50.asm
               T1GCONbits   0x000f9a       data     extern E:\3.45\pic18-lt\cxx-framework\src\traditional\proc\p18f45j50.asm
                    T2CON   0x000fca       data     extern E:\3.45\pic18-lt\cxx-framework\src\traditional\proc\p18f45j50.asm
                T2CONbits   0x000fca       data     extern E:\3.45\pic18-lt\cxx-framework\src\traditional\proc\p18f45j50.asm
                    T3CON   0x000f79       data     extern E:\3.45\pic18-lt\cxx-framework\src\traditional\proc\p18f45j50.asm
                T3CONbits   0x000f79       data     extern E:\3.45\pic18-lt\cxx-framework\src\traditional\proc\p18f45j50.asm
                   T3GCON   0x000f97       data     extern E:\3.45\pic18-lt\cxx-framework\src\traditional\proc\p18f45j50.asm
               T3GCONbits   0x000f97       data     extern E:\3.45\pic18-lt\cxx-framework\src\traditional\proc\p18f45j50.asm
                    T4CON   0x000f76       data     extern E:\3.45\pic18-lt\cxx-framework\src\traditional\proc\p18f45j50.asm
                T4CONbits   0x000f76       data     extern E:\3.45\pic18-lt\cxx-framework\src\traditional\proc\p18f45j50.asm
                   TABLAT   0x000ff5       data     extern E:\3.45\pic18-lt\cxx-framework\src\traditional\proc\p18f45j50.asm
                   TBLPTR   0x000ff6       data     extern E:\3.45\pic18-lt\cxx-framework\src\traditional\proc\p18f45j50.asm
                  TBLPTRH   0x000ff7       data     extern E:\3.45\pic18-lt\cxx-framework\src\traditional\proc\p18f45j50.asm
                  TBLPTRL   0x000ff6       data     extern E:\3.45\pic18-lt\cxx-framework\src\traditional\proc\p18f45j50.asm
                  TBLPTRU   0x000ff8       data     extern E:\3.45\pic18-lt\cxx-framework\src\traditional\proc\p18f45j50.asm
                  TCLKCON   0x000f52       data     extern E:\3.45\pic18-lt\cxx-framework\src\traditional\proc\p18f45j50.asm
              TCLKCONbits   0x000f52       data     extern E:\3.45\pic18-lt\cxx-framework\src\traditional\proc\p18f45j50.asm
                    TMR0H   0x000fd7       data     extern E:\3.45\pic18-lt\cxx-framework\src\traditional\proc\p18f45j50.asm
                    TMR0L   0x000fd6       data     extern E:\3.45\pic18-lt\cxx-framework\src\traditional\proc\p18f45j50.asm
                    TMR1H   0x000fcf       data     extern E:\3.45\pic18-lt\cxx-framework\src\traditional\proc\p18f45j50.asm
                    TMR1L   0x000fce       data     extern E:\3.45\pic18-lt\cxx-framework\src\traditional\proc\p18f45j50.asm
                     TMR2   0x000fcc       data     extern E:\3.45\pic18-lt\cxx-framework\src\traditional\proc\p18f45j50.asm
                    TMR3H   0x000f7b       data     extern E:\3.45\pic18-lt\cxx-framework\src\traditional\proc\p18f45j50.asm
                    TMR3L   0x000f7a       data     extern E:\3.45\pic18-lt\cxx-framework\src\traditional\proc\p18f45j50.asm
                     TMR4   0x000f78       data     extern E:\3.45\pic18-lt\cxx-framework\src\traditional\proc\p18f45j50.asm
                      TOS   0x000ffd       data     extern E:\3.45\pic18-lt\cxx-framework\src\traditional\proc\p18f45j50.asm
                     TOSH   0x000ffe       data     extern E:\3.45\pic18-lt\cxx-framework\src\traditional\proc\p18f45j50.asm
                     TOSL   0x000ffd       data     extern E:\3.45\pic18-lt\cxx-framework\src\traditional\proc\p18f45j50.asm
                     TOSU   0x000fff       data     extern E:\3.45\pic18-lt\cxx-framework\src\traditional\proc\p18f45j50.asm
                    TRISA   0x000f92       data     extern E:\3.45\pic18-lt\cxx-framework\src\traditional\proc\p18f45j50.asm
                TRISAbits   0x000f92       data     extern E:\3.45\pic18-lt\cxx-framework\src\traditional\proc\p18f45j50.asm
                    TRISB   0x000f93       data     extern E:\3.45\pic18-lt\cxx-framework\src\traditional\proc\p18f45j50.asm
                TRISBbits   0x000f93       data     extern E:\3.45\pic18-lt\cxx-framework\src\traditional\proc\p18f45j50.asm
                    TRISC   0x000f94       data     extern E:\3.45\pic18-lt\cxx-framework\src\traditional\proc\p18f45j50.asm
                TRISCbits   0x000f94       data     extern E:\3.45\pic18-lt\cxx-framework\src\traditional\proc\p18f45j50.asm
                    TRISD   0x000f95       data     extern E:\3.45\pic18-lt\cxx-framework\src\traditional\proc\p18f45j50.asm
                TRISDbits   0x000f95       data     extern E:\3.45\pic18-lt\cxx-framework\src\traditional\proc\p18f45j50.asm
                    TRISE   0x000f96       data     extern E:\3.45\pic18-lt\cxx-framework\src\traditional\proc\p18f45j50.asm
                TRISEbits   0x000f96       data     extern E:\3.45\pic18-lt\cxx-framework\src\traditional\proc\p18f45j50.asm
                  TXADDRH   0x000f6a       data     extern E:\3.45\pic18-lt\cxx-framework\src\traditional\proc\p18f45j50.asm
              TXADDRHbits   0x000f6a       data     extern E:\3.45\pic18-lt\cxx-framework\src\traditional\proc\p18f45j50.asm
                  TXADDRL   0x000f6b       data     extern E:\3.45\pic18-lt\cxx-framework\src\traditional\proc\p18f45j50.asm
                    TXREG   0x000fae       data     extern E:\3.45\pic18-lt\cxx-framework\src\traditional\proc\p18f45j50.asm
                   TXREG1   0x000fae       data     extern E:\3.45\pic18-lt\cxx-framework\src\traditional\proc\p18f45j50.asm
                   TXREG2   0x000fa9       data     extern E:\3.45\pic18-lt\cxx-framework\src\traditional\proc\p18f45j50.asm
                    TXSTA   0x000fad       data     extern E:\3.45\pic18-lt\cxx-framework\src\traditional\proc\p18f45j50.asm
                   TXSTA1   0x000fad       data     extern E:\3.45\pic18-lt\cxx-framework\src\traditional\proc\p18f45j50.asm
               TXSTA1bits   0x000fad       data     extern E:\3.45\pic18-lt\cxx-framework\src\traditional\proc\p18f45j50.asm
                   TXSTA2   0x000fa8       data     extern E:\3.45\pic18-lt\cxx-framework\src\traditional\proc\p18f45j50.asm
               TXSTA2bits   0x000fa8       data     extern E:\3.45\pic18-lt\cxx-framework\src\traditional\proc\p18f45j50.asm
                TXSTAbits   0x000fad       data     extern E:\3.45\pic18-lt\cxx-framework\src\traditional\proc\p18f45j50.asm
                    UADDR   0x000f38       data     extern E:\3.45\pic18-lt\cxx-framework\src\traditional\proc\p18f45j50.asm
                UADDRbits   0x000f38       data     extern E:\3.45\pic18-lt\cxx-framework\src\traditional\proc\p18f45j50.asm
                     UCFG   0x000f39       data     extern E:\3.45\pic18-lt\cxx-framework\src\traditional\proc\p18f45j50.asm
                 UCFGbits   0x000f39       data     extern E:\3.45\pic18-lt\cxx-framework\src\traditional\proc\p18f45j50.asm
                     UCON   0x000f65       data     extern E:\3.45\pic18-lt\cxx-framework\src\traditional\proc\p18f45j50.asm
                 UCONbits   0x000f65       data     extern E:\3.45\pic18-lt\cxx-framework\src\traditional\proc\p18f45j50.asm
                     UEIE   0x000f37       data     extern E:\3.45\pic18-lt\cxx-framework\src\traditional\proc\p18f45j50.asm
                 UEIEbits   0x000f37       data     extern E:\3.45\pic18-lt\cxx-framework\src\traditional\proc\p18f45j50.asm
                     UEIR   0x000f63       data     extern E:\3.45\pic18-lt\cxx-framework\src\traditional\proc\p18f45j50.asm
                 UEIRbits   0x000f63       data     extern E:\3.45\pic18-lt\cxx-framework\src\traditional\proc\p18f45j50.asm
                     UEP0   0x000f26       data     extern E:\3.45\pic18-lt\cxx-framework\src\traditional\proc\p18f45j50.asm
                 UEP0bits   0x000f26       data     extern E:\3.45\pic18-lt\cxx-framework\src\traditional\proc\p18f45j50.asm
                     UEP1   0x000f27       data     extern E:\3.45\pic18-lt\cxx-framework\src\traditional\proc\p18f45j50.asm
                    UEP10   0x000f30       data     extern E:\3.45\pic18-lt\cxx-framework\src\traditional\proc\p18f45j50.asm
                UEP10bits   0x000f30       data     extern E:\3.45\pic18-lt\cxx-framework\src\traditional\proc\p18f45j50.asm
                    UEP11   0x000f31       data     extern E:\3.45\pic18-lt\cxx-framework\src\traditional\proc\p18f45j50.asm
                UEP11bits   0x000f31       data     extern E:\3.45\pic18-lt\cxx-framework\src\traditional\proc\p18f45j50.asm
                    UEP12   0x000f32       data     extern E:\3.45\pic18-lt\cxx-framework\src\traditional\proc\p18f45j50.asm
                UEP12bits   0x000f32       data     extern E:\3.45\pic18-lt\cxx-framework\src\traditional\proc\p18f45j50.asm
                    UEP13   0x000f33       data     extern E:\3.45\pic18-lt\cxx-framework\src\traditional\proc\p18f45j50.asm
                UEP13bits   0x000f33       data     extern E:\3.45\pic18-lt\cxx-framework\src\traditional\proc\p18f45j50.asm
                    UEP14   0x000f34       data     extern E:\3.45\pic18-lt\cxx-framework\src\traditional\proc\p18f45j50.asm
                UEP14bits   0x000f34       data     extern E:\3.45\pic18-lt\cxx-framework\src\traditional\proc\p18f45j50.asm
                    UEP15   0x000f35       data     extern E:\3.45\pic18-lt\cxx-framework\src\traditional\proc\p18f45j50.asm
                UEP15bits   0x000f35       data     extern E:\3.45\pic18-lt\cxx-framework\src\traditional\proc\p18f45j50.asm
                 UEP1bits   0x000f27       data     extern E:\3.45\pic18-lt\cxx-framework\src\traditional\proc\p18f45j50.asm
                     UEP2   0x000f28       data     extern E:\3.45\pic18-lt\cxx-framework\src\traditional\proc\p18f45j50.asm
                 UEP2bits   0x000f28       data     extern E:\3.45\pic18-lt\cxx-framework\src\traditional\proc\p18f45j50.asm
                     UEP3   0x000f29       data     extern E:\3.45\pic18-lt\cxx-framework\src\traditional\proc\p18f45j50.asm
                 UEP3bits   0x000f29       data     extern E:\3.45\pic18-lt\cxx-framework\src\traditional\proc\p18f45j50.asm
                     UEP4   0x000f2a       data     extern E:\3.45\pic18-lt\cxx-framework\src\traditional\proc\p18f45j50.asm
                 UEP4bits   0x000f2a       data     extern E:\3.45\pic18-lt\cxx-framework\src\traditional\proc\p18f45j50.asm
                     UEP5   0x000f2b       data     extern E:\3.45\pic18-lt\cxx-framework\src\traditional\proc\p18f45j50.asm
                 UEP5bits   0x000f2b       data     extern E:\3.45\pic18-lt\cxx-framework\src\traditional\proc\p18f45j50.asm
                     UEP6   0x000f2c       data     extern E:\3.45\pic18-lt\cxx-framework\src\traditional\proc\p18f45j50.asm
                 UEP6bits   0x000f2c       data     extern E:\3.45\pic18-lt\cxx-framework\src\traditional\proc\p18f45j50.asm
                     UEP7   0x000f2d       data     extern E:\3.45\pic18-lt\cxx-framework\src\traditional\proc\p18f45j50.asm
                 UEP7bits   0x000f2d       data     extern E:\3.45\pic18-lt\cxx-framework\src\traditional\proc\p18f45j50.asm
                     UEP8   0x000f2e       data     extern E:\3.45\pic18-lt\cxx-framework\src\traditional\proc\p18f45j50.asm
                 UEP8bits   0x000f2e       data     extern E:\3.45\pic18-lt\cxx-framework\src\traditional\proc\p18f45j50.asm
                     UEP9   0x000f2f       data     extern E:\3.45\pic18-lt\cxx-framework\src\traditional\proc\p18f45j50.asm
                 UEP9bits   0x000f2f       data     extern E:\3.45\pic18-lt\cxx-framework\src\traditional\proc\p18f45j50.asm
                     UFRM   0x000f60       data     extern E:\3.45\pic18-lt\cxx-framework\src\traditional\proc\p18f45j50.asm
                    UFRMH   0x000f61       data     extern E:\3.45\pic18-lt\cxx-framework\src\traditional\proc\p18f45j50.asm
                UFRMHbits   0x000f61       data     extern E:\3.45\pic18-lt\cxx-framework\src\traditional\proc\p18f45j50.asm
                    UFRML   0x000f60       data     extern E:\3.45\pic18-lt\cxx-framework\src\traditional\proc\p18f45j50.asm
                UFRMLbits   0x000f60       data     extern E:\3.45\pic18-lt\cxx-framework\src\traditional\proc\p18f45j50.asm
                      UIE   0x000f36       data     extern E:\3.45\pic18-lt\cxx-framework\src\traditional\proc\p18f45j50.asm
                  UIEbits   0x000f36       data     extern E:\3.45\pic18-lt\cxx-framework\src\traditional\proc\p18f45j50.asm
                      UIR   0x000f62       data     extern E:\3.45\pic18-lt\cxx-framework\src\traditional\proc\p18f45j50.asm
                  UIRbits   0x000f62       data     extern E:\3.45\pic18-lt\cxx-framework\src\traditional\proc\p18f45j50.asm
                    USTAT   0x000f64       data     extern E:\3.45\pic18-lt\cxx-framework\src\traditional\proc\p18f45j50.asm
                USTATbits   0x000f64       data     extern E:\3.45\pic18-lt\cxx-framework\src\traditional\proc\p18f45j50.asm
                   WDTCON   0x000fc0       data     extern E:\3.45\pic18-lt\cxx-framework\src\traditional\proc\p18f45j50.asm
               WDTCONbits   0x000fc0       data     extern E:\3.45\pic18-lt\cxx-framework\src\traditional\proc\p18f45j50.asm
                     WREG   0x000fe8       data     extern E:\3.45\pic18-lt\cxx-framework\src\traditional\proc\p18f45j50.asm
                 __AARGB0   0x000007       data     extern E:\3.45\pic18-lt\cxx-framework\src\traditional\math\aarg.asm
                 __AARGB1   0x000006       data     extern E:\3.45\pic18-lt\cxx-framework\src\traditional\math\aarg.asm
                 __AARGB2   0x000005       data     extern E:\3.45\pic18-lt\cxx-framework\src\traditional\math\aarg.asm
                 __AARGB3   0x000004       data     extern E:\3.45\pic18-lt\cxx-framework\src\traditional\math\aarg.asm
                 __AARGB4   0x000003       data     extern E:\3.45\pic18-lt\cxx-framework\src\traditional\math\aarg.asm
                 __AARGB5   0x000002       data     extern E:\3.45\pic18-lt\cxx-framework\src\traditional\math\aarg.asm
                 __AARGB6   0x000001       data     extern E:\3.45\pic18-lt\cxx-framework\src\traditional\math\aarg.asm
                 __AARGB7   0x000000       data     extern E:\3.45\pic18-lt\cxx-framework\src\traditional\math\aarg.asm
                   __AEXP   0x000008       data     extern E:\3.45\pic18-lt\cxx-framework\src\traditional\math\aarg.asm
                 __BARGB0   0x00000c       data     extern E:\3.45\pic18-lt\cxx-framework\src\traditional\math\barg.asm
                 __BARGB1   0x00000b       data     extern E:\3.45\pic18-lt\cxx-framework\src\traditional\math\barg.asm
                 __BARGB2   0x00000a       data     extern E:\3.45\pic18-lt\cxx-framework\src\traditional\math\barg.asm
                 __BARGB3   0x000009       data     extern E:\3.45\pic18-lt\cxx-framework\src\traditional\math\barg.asm
                   __BEXP   0x00000d       data     extern E:\3.45\pic18-lt\cxx-framework\src\traditional\math\barg.asm
                __FPFLAGS   0x00000f       data     extern E:\3.45\pic18-lt\cxx-framework\src\traditional\math\cmath18.asm
            __FPFLAGSbits   0x00000f       data     extern E:\3.45\pic18-lt\cxx-framework\src\traditional\math\cmath18.asm
                  __REMB0   0x000003       data     extern E:\3.45\pic18-lt\cxx-framework\src\traditional\math\aarg.asm
                  __REMB1   0x000002       data     extern E:\3.45\pic18-lt\cxx-framework\src\traditional\math\aarg.asm
                  __REMB2   0x000001       data     extern E:\3.45\pic18-lt\cxx-framework\src\traditional\math\aarg.asm
                  __REMB3   0x000000       data     extern E:\3.45\pic18-lt\cxx-framework\src\traditional\math\aarg.asm
                  __tmp_0   0x000010       data     static H:\CodeBank8\bsp\Microchip\gpios\gpios.c
                  __tmp_0   0x000010       data     static H:\CodeBank8\bsp\Microchip\uart\uart1.c
                  __tmp_0   0x000010       data     static H:\CodeBank8\bsp\Microchip\system\system.c
                  bTxFlag   0x0000f6       data     static H:\CodeBank8\bsp\Microchip\uart\uart1.c
                curr_byte   0x0000ef       data     static E:\3.45\pic18-lt\cxx-framework\src\traditional\startup\c018i.c
               curr_entry   0x0000f1       data     static E:\3.45\pic18-lt\cxx-framework\src\traditional\startup\c018i.c
                 data_ptr   0x0000f3       data     static E:\3.45\pic18-lt\cxx-framework\src\traditional\startup\c018i.c
                   gbFlag   0x0000fb       data     static C:\hotboards\Examples\Microchip\uart4.X\main.c
               gu8Counter   0x0000f8       data     static H:\CodeBank8\bsp\Microchip\uart\uart1.c
                 gu8Index   0x0000f7       data     static H:\CodeBank8\bsp\Microchip\uart\uart1.c
                gu8RxData   0x0000fa       data     static C:\hotboards\Examples\Microchip\uart4.X\main.c
              guaTxBuffer   0x0000b0       data     static H:\CodeBank8\bsp\Microchip\uart\uart1.c
           guap8Direction   0x0000ce       data     static H:\CodeBank8\bsp\Microchip\gpios\gpios.c
               guap8Input   0x0000d8       data     static H:\CodeBank8\bsp\Microchip\gpios\gpios.c
              guap8Inputs   0x000060       data     static H:\CodeBank8\bsp\Microchip\system\system.c
              guap8Output   0x0000e2       data     static H:\CodeBank8\bsp\Microchip\gpios\gpios.c
             guap8Outputs   0x00007e       data     static H:\CodeBank8\bsp\Microchip\system\system.c
                     prom   0x0000ec       data     static E:\3.45\pic18-lt\cxx-framework\src\traditional\startup\c018i.c
              tblptru_sav   0x0000f9       data     static E:\3.45\pic18-lt\cxx-framework\src\traditional\stdclib\mcpyp2r.asm



                              Symbols - Sorted by Address
                     Name    Address   Location    Storage File                     
                ---------  ---------  ---------  --------- ---------                
                   _entry   0x000000    program     extern E:\3.45\pic18-lt\cxx-framework\src\traditional\startup\c018i.c
       ___return_lbl00000   0x000004    program     static                          
                 High_ISR   0x000008    program     extern C:\hotboards\Examples\Microchip\uart4.X\vectors.h
       ___return_lbl00003   0x00000c    program     static                          
                  Low_ISR   0x000018    program     extern C:\hotboards\Examples\Microchip\uart4.X\vectors.h
       ___return_lbl00004   0x00001c    program     static                          
                   _reset   0x001000    program     extern C:\hotboards\Examples\Microchip\uart4.X\vectors.h
       ___return_lbl00000   0x001004    program     static                          
        Remapped_High_ISR   0x001008    program     extern C:\hotboards\Examples\Microchip\uart4.X\vectors.h
       ___return_lbl00001   0x00100c    program     static                          
         Remapped_Low_ISR   0x001018    program     extern C:\hotboards\Examples\Microchip\uart4.X\vectors.h
       ___return_lbl00002   0x00101c    program     static                          
               Uart1_Init   0x00105c    program     extern H:\CodeBank8\bsp\Microchip\uart\uart1.c
Uart1_TxInterruptProprity   0x001128    program     extern H:\CodeBank8\bsp\Microchip\uart\uart1.c
Uart1_RxInterruptProprity   0x001144    program     extern H:\CodeBank8\bsp\Microchip\uart\uart1.c
            Uart1_PutChar   0x001160    program     extern H:\CodeBank8\bsp\Microchip\uart\uart1.c
          Uart1_PutString   0x00117e    program     extern H:\CodeBank8\bsp\Microchip\uart\uart1.c
           Uart1_TxBuffer   0x0011c2    program     extern H:\CodeBank8\bsp\Microchip\uart\uart1.c
      Uart1_TxFlashBuffer   0x001224    program     extern H:\CodeBank8\bsp\Microchip\uart\uart1.c
             Uart1_TxBusy   0x001294    program     extern H:\CodeBank8\bsp\Microchip\uart\uart1.c
              Uart1_TxIsr   0x00129a    program     extern H:\CodeBank8\bsp\Microchip\uart\uart1.c
              Uart1_RxIsr   0x0012ce    program     extern H:\CodeBank8\bsp\Microchip\uart\uart1.c
          Uart1_u8GetChar   0x0012e6    program     extern H:\CodeBank8\bsp\Microchip\uart\uart1.c
             u16BaudRateL   0x0012f6    program     static H:\CodeBank8\bsp\Microchip\uart\uart1.c
             u16BaudRateH   0x0013a0    program     static H:\CodeBank8\bsp\Microchip\uart\uart1.c
           u32GetBaudRate   0x00144a    program     static H:\CodeBank8\bsp\Microchip\uart\uart1.c
       Gpios_PinDirection   0x00156e    program     extern H:\CodeBank8\bsp\Microchip\gpios\gpios.c
           Gpios_WritePin   0x00160c    program     extern H:\CodeBank8\bsp\Microchip\gpios\gpios.c
          Gpios_PullupPin   0x0016aa    program     extern H:\CodeBank8\bsp\Microchip\gpios\gpios.c
          Gpios_TogglePin   0x0016b6    program     extern H:\CodeBank8\bsp\Microchip\gpios\gpios.c
           Gpios_bReadPin   0x001706    program     extern H:\CodeBank8\bsp\Microchip\gpios\gpios.c
          Gpios_WritePort   0x001756    program     extern H:\CodeBank8\bsp\Microchip\gpios\gpios.c
         Gpios_u8ReadPort   0x001788    program     extern H:\CodeBank8\bsp\Microchip\gpios\gpios.c
          Gpios_WriteTris   0x0017b6    program     extern H:\CodeBank8\bsp\Microchip\gpios\gpios.c
         Gpios_u8ReadTris   0x0017e8    program     extern H:\CodeBank8\bsp\Microchip\gpios\gpios.c
         Gpios_SetPullups   0x001816    program     extern H:\CodeBank8\bsp\Microchip\gpios\gpios.c
      Gpios_u8ReadPullups   0x001822    program     extern H:\CodeBank8\bsp\Microchip\gpios\gpios.c
                     main   0x001830    program     extern C:\hotboards\Examples\Microchip\uart4.X\main.c
  YourHighPriorityISRCode   0x0018b0    program     extern C:\hotboards\Examples\Microchip\uart4.X\main.c
   YourLowPriorityISRCode   0x0018be    program     extern C:\hotboards\Examples\Microchip\uart4.X\main.c
         Uart1_CallbackRx   0x001968    program     extern C:\hotboards\Examples\Microchip\uart4.X\main.c
         System_EnablePLL   0x001984    program     extern H:\CodeBank8\bsp\Microchip\system\system.c
  System_EnableInterrupts   0x0019c4    program     extern H:\CodeBank8\bsp\Microchip\system\system.c
 System_DisableInterrupts   0x0019cc    program     extern H:\CodeBank8\bsp\Microchip\system\system.c
System_PeripheralPinSelect   0x0019d4    program     extern H:\CodeBank8\bsp\Microchip\system\system.c
                   unlock   0x001a62    program     static H:\CodeBank8\bsp\Microchip\system\system.c
       ___return_lbl00010   0x001a6e    program     static                          
                     lock   0x001a70    program     static H:\CodeBank8\bsp\Microchip\system\system.c
       ___return_lbl00011   0x001a7e    program     static                          
                _do_cinit   0x001a80    program     extern E:\3.45\pic18-lt\cxx-framework\src\traditional\startup\c018i.c
                     test   0x001a9a    program     static                          
                copy_loop   0x001af2    program     static                          
            copy_one_byte   0x001af8    program     static                          
             done_copying   0x001b06    program     static                          
       ___return_lbl00002   0x001b1c    program     static                          
                     done   0x001b1c    program     static                          
                   memcpy   0x001b1e    program     extern E:\3.45\pic18-lt\cxx-framework\src\traditional\stdclib\memcpy.asm
                    jLoop   0x001b46    program     static E:\3.45\pic18-lt\cxx-framework\src\traditional\stdclib\memcpy.asm
              _4jContinue   0x001b52    program     static E:\3.45\pic18-lt\cxx-framework\src\traditional\stdclib\memcpy.asm
                   _5jEnd   0x001b5c    program     static E:\3.45\pic18-lt\cxx-framework\src\traditional\stdclib\memcpy.asm
                     jEnd   0x001b62    program     static E:\3.45\pic18-lt\cxx-framework\src\traditional\stdclib\memcpy.asm
            memcpypgm2ram   0x001b74    program     extern E:\3.45\pic18-lt\cxx-framework\src\traditional\stdclib\mcpyp2r.asm
                    jLoop   0x001b9a    program     static E:\3.45\pic18-lt\cxx-framework\src\traditional\stdclib\mcpyp2r.asm
              _3jContinue   0x001ba6    program     static E:\3.45\pic18-lt\cxx-framework\src\traditional\stdclib\mcpyp2r.asm
                   _4jEnd   0x001bb0    program     static E:\3.45\pic18-lt\cxx-framework\src\traditional\stdclib\mcpyp2r.asm
                     jEnd   0x001bb8    program     static E:\3.45\pic18-lt\cxx-framework\src\traditional\stdclib\mcpyp2r.asm
                  FXM3232   0x001bba    program     extern E:\3.45\pic18-lt\cxx-framework\src\traditional\math\fxm3232.c
       ___return_lbl00000   0x001c28    program     static                          
                 FXD3232U   0x001c2a    program     extern E:\3.45\pic18-lt\cxx-framework\src\traditional\math\fxd3232u.c
                     loop   0x001c38    program     static                          
[...]
                   EECON2   0x000fa7       data     extern E:\3.45\pic18-lt\cxx-framework\src\traditional\proc\p18f45j50.asm
               TXSTA2bits   0x000fa8       data     extern E:\3.45\pic18-lt\cxx-framework\src\traditional\proc\p18f45j50.asm
                   TXSTA2   0x000fa8       data     extern E:\3.45\pic18-lt\cxx-framework\src\traditional\proc\p18f45j50.asm
                   TXREG2   0x000fa9       data     extern E:\3.45\pic18-lt\cxx-framework\src\traditional\proc\p18f45j50.asm
                   RCREG2   0x000faa       data     extern E:\3.45\pic18-lt\cxx-framework\src\traditional\proc\p18f45j50.asm
                   SPBRG2   0x000fab       data     extern E:\3.45\pic18-lt\cxx-framework\src\traditional\proc\p18f45j50.asm
               RCSTA1bits   0x000fac       data     extern E:\3.45\pic18-lt\cxx-framework\src\traditional\proc\p18f45j50.asm
                   RCSTA1   0x000fac       data     extern E:\3.45\pic18-lt\cxx-framework\src\traditional\proc\p18f45j50.asm
                    RCSTA   0x000fac       data     extern E:\3.45\pic18-lt\cxx-framework\src\traditional\proc\p18f45j50.asm
                RCSTAbits   0x000fac       data     extern E:\3.45\pic18-lt\cxx-framework\src\traditional\proc\p18f45j50.asm
                    TXSTA   0x000fad       data     extern E:\3.45\pic18-lt\cxx-framework\src\traditional\proc\p18f45j50.asm
                   TXSTA1   0x000fad       data     extern E:\3.45\pic18-lt\cxx-framework\src\traditional\proc\p18f45j50.asm
               TXSTA1bits   0x000fad       data     extern E:\3.45\pic18-lt\cxx-framework\src\traditional\proc\p18f45j50.asm
                TXSTAbits   0x000fad       data     extern E:\3.45\pic18-lt\cxx-framework\src\traditional\proc\p18f45j50.asm
                    TXREG   0x000fae       data     extern E:\3.45\pic18-lt\cxx-framework\src\traditional\proc\p18f45j50.asm
                   TXREG1   0x000fae       data     extern E:\3.45\pic18-lt\cxx-framework\src\traditional\proc\p18f45j50.asm
                   RCREG1   0x000faf       data     extern E:\3.45\pic18-lt\cxx-framework\src\traditional\proc\p18f45j50.asm
                    RCREG   0x000faf       data     extern E:\3.45\pic18-lt\cxx-framework\src\traditional\proc\p18f45j50.asm
                   SPBRG1   0x000fb0       data     extern E:\3.45\pic18-lt\cxx-framework\src\traditional\proc\p18f45j50.asm
                    SPBRG   0x000fb0       data     extern E:\3.45\pic18-lt\cxx-framework\src\traditional\proc\p18f45j50.asm
             CTMUICONbits   0x000fb1       data     extern E:\3.45\pic18-lt\cxx-framework\src\traditional\proc\p18f45j50.asm
                 CTMUICON   0x000fb1       data     extern E:\3.45\pic18-lt\cxx-framework\src\traditional\proc\p18f45j50.asm
                 CTMUCONL   0x000fb2       data     extern E:\3.45\pic18-lt\cxx-framework\src\traditional\proc\p18f45j50.asm
             CTMUCONLbits   0x000fb2       data     extern E:\3.45\pic18-lt\cxx-framework\src\traditional\proc\p18f45j50.asm
             CTMUCONHbits   0x000fb3       data     extern E:\3.45\pic18-lt\cxx-framework\src\traditional\proc\p18f45j50.asm
                 CTMUCONH   0x000fb3       data     extern E:\3.45\pic18-lt\cxx-framework\src\traditional\proc\p18f45j50.asm
                  CCP2CON   0x000fb4       data     extern E:\3.45\pic18-lt\cxx-framework\src\traditional\proc\p18f45j50.asm
              CCP2CONbits   0x000fb4       data     extern E:\3.45\pic18-lt\cxx-framework\src\traditional\proc\p18f45j50.asm
                 ECCP2CON   0x000fb4       data     extern E:\3.45\pic18-lt\cxx-framework\src\traditional\proc\p18f45j50.asm
             ECCP2CONbits   0x000fb4       data     extern E:\3.45\pic18-lt\cxx-framework\src\traditional\proc\p18f45j50.asm
                   CCPR2L   0x000fb5       data     extern E:\3.45\pic18-lt\cxx-framework\src\traditional\proc\p18f45j50.asm
                    CCPR2   0x000fb5       data     extern E:\3.45\pic18-lt\cxx-framework\src\traditional\proc\p18f45j50.asm
                   CCPR2H   0x000fb6       data     extern E:\3.45\pic18-lt\cxx-framework\src\traditional\proc\p18f45j50.asm
              PWM2CONbits   0x000fb7       data     extern E:\3.45\pic18-lt\cxx-framework\src\traditional\proc\p18f45j50.asm
                  PWM2CON   0x000fb7       data     extern E:\3.45\pic18-lt\cxx-framework\src\traditional\proc\p18f45j50.asm
                 ECCP2DEL   0x000fb7       data     extern E:\3.45\pic18-lt\cxx-framework\src\traditional\proc\p18f45j50.asm
             ECCP2DELbits   0x000fb7       data     extern E:\3.45\pic18-lt\cxx-framework\src\traditional\proc\p18f45j50.asm
                  ECCP2AS   0x000fb8       data     extern E:\3.45\pic18-lt\cxx-framework\src\traditional\proc\p18f45j50.asm
              ECCP2ASbits   0x000fb8       data     extern E:\3.45\pic18-lt\cxx-framework\src\traditional\proc\p18f45j50.asm
                 PSTR2CON   0x000fb9       data     extern E:\3.45\pic18-lt\cxx-framework\src\traditional\proc\p18f45j50.asm
             PSTR2CONbits   0x000fb9       data     extern E:\3.45\pic18-lt\cxx-framework\src\traditional\proc\p18f45j50.asm
                  CCP1CON   0x000fba       data     extern E:\3.45\pic18-lt\cxx-framework\src\traditional\proc\p18f45j50.asm
                 ECCP1CON   0x000fba       data     extern E:\3.45\pic18-lt\cxx-framework\src\traditional\proc\p18f45j50.asm
             ECCP1CONbits   0x000fba       data     extern E:\3.45\pic18-lt\cxx-framework\src\traditional\proc\p18f45j50.asm
              CCP1CONbits   0x000fba       data     extern E:\3.45\pic18-lt\cxx-framework\src\traditional\proc\p18f45j50.asm
                   CCPR1L   0x000fbb       data     extern E:\3.45\pic18-lt\cxx-framework\src\traditional\proc\p18f45j50.asm
                    CCPR1   0x000fbb       data     extern E:\3.45\pic18-lt\cxx-framework\src\traditional\proc\p18f45j50.asm
                   CCPR1H   0x000fbc       data     extern E:\3.45\pic18-lt\cxx-framework\src\traditional\proc\p18f45j50.asm
             ECCP1DELbits   0x000fbd       data     extern E:\3.45\pic18-lt\cxx-framework\src\traditional\proc\p18f45j50.asm
                 ECCP1DEL   0x000fbd       data     extern E:\3.45\pic18-lt\cxx-framework\src\traditional\proc\p18f45j50.asm
              PWM1CONbits   0x000fbd       data     extern E:\3.45\pic18-lt\cxx-framework\src\traditional\proc\p18f45j50.asm
                  PWM1CON   0x000fbd       data     extern E:\3.45\pic18-lt\cxx-framework\src\traditional\proc\p18f45j50.asm
                  ECCP1AS   0x000fbe       data     extern E:\3.45\pic18-lt\cxx-framework\src\traditional\proc\p18f45j50.asm
              ECCP1ASbits   0x000fbe       data     extern E:\3.45\pic18-lt\cxx-framework\src\traditional\proc\p18f45j50.asm
             PSTR1CONbits   0x000fbf       data     extern E:\3.45\pic18-lt\cxx-framework\src\traditional\proc\p18f45j50.asm
                 PSTR1CON   0x000fbf       data     extern E:\3.45\pic18-lt\cxx-framework\src\traditional\proc\p18f45j50.asm
                   WDTCON   0x000fc0       data     extern E:\3.45\pic18-lt\cxx-framework\src\traditional\proc\p18f45j50.asm
               WDTCONbits   0x000fc0       data     extern E:\3.45\pic18-lt\cxx-framework\src\traditional\proc\p18f45j50.asm
               ADCON1bits   0x000fc1       data     extern E:\3.45\pic18-lt\cxx-framework\src\traditional\proc\p18f45j50.asm
                   ADCON1   0x000fc1       data     extern E:\3.45\pic18-lt\cxx-framework\src\traditional\proc\p18f45j50.asm
                   ADCON0   0x000fc2       data     extern E:\3.45\pic18-lt\cxx-framework\src\traditional\proc\p18f45j50.asm
               ADCON0bits   0x000fc2       data     extern E:\3.45\pic18-lt\cxx-framework\src\traditional\proc\p18f45j50.asm
                   ADRESL   0x000fc3       data     extern E:\3.45\pic18-lt\cxx-framework\src\traditional\proc\p18f45j50.asm
                    ADRES   0x000fc3       data     extern E:\3.45\pic18-lt\cxx-framework\src\traditional\proc\p18f45j50.asm
                   ADRESH   0x000fc4       data     extern E:\3.45\pic18-lt\cxx-framework\src\traditional\proc\p18f45j50.asm
                  SSPCON2   0x000fc5       data     extern E:\3.45\pic18-lt\cxx-framework\src\traditional\proc\p18f45j50.asm
              SSPCON2bits   0x000fc5       data     extern E:\3.45\pic18-lt\cxx-framework\src\traditional\proc\p18f45j50.asm
             SSP1CON2bits   0x000fc5       data     extern E:\3.45\pic18-lt\cxx-framework\src\traditional\proc\p18f45j50.asm
                 SSP1CON2   0x000fc5       data     extern E:\3.45\pic18-lt\cxx-framework\src\traditional\proc\p18f45j50.asm
                  SSPCON1   0x000fc6       data     extern E:\3.45\pic18-lt\cxx-framework\src\traditional\proc\p18f45j50.asm
              SSPCON1bits   0x000fc6       data     extern E:\3.45\pic18-lt\cxx-framework\src\traditional\proc\p18f45j50.asm
             SSP1CON1bits   0x000fc6       data     extern E:\3.45\pic18-lt\cxx-framework\src\traditional\proc\p18f45j50.asm
                 SSP1CON1   0x000fc6       data     extern E:\3.45\pic18-lt\cxx-framework\src\traditional\proc\p18f45j50.asm
                  SSPSTAT   0x000fc7       data     extern E:\3.45\pic18-lt\cxx-framework\src\traditional\proc\p18f45j50.asm
              SSPSTATbits   0x000fc7       data     extern E:\3.45\pic18-lt\cxx-framework\src\traditional\proc\p18f45j50.asm
             SSP1STATbits   0x000fc7       data     extern E:\3.45\pic18-lt\cxx-framework\src\traditional\proc\p18f45j50.asm
                 SSP1STAT   0x000fc7       data     extern E:\3.45\pic18-lt\cxx-framework\src\traditional\proc\p18f45j50.asm
                  SSP1ADD   0x000fc8       data     extern E:\3.45\pic18-lt\cxx-framework\src\traditional\proc\p18f45j50.asm
              SSP1ADDbits   0x000fc8       data     extern E:\3.45\pic18-lt\cxx-framework\src\traditional\proc\p18f45j50.asm
                   SSPADD   0x000fc8       data     extern E:\3.45\pic18-lt\cxx-framework\src\traditional\proc\p18f45j50.asm
               SSPADDbits   0x000fc8       data     extern E:\3.45\pic18-lt\cxx-framework\src\traditional\proc\p18f45j50.asm
                  SSP1BUF   0x000fc9       data     extern E:\3.45\pic18-lt\cxx-framework\src\traditional\proc\p18f45j50.asm
                   SSPBUF   0x000fc9       data     extern E:\3.45\pic18-lt\cxx-framework\src\traditional\proc\p18f45j50.asm
                    T2CON   0x000fca       data     extern E:\3.45\pic18-lt\cxx-framework\src\traditional\proc\p18f45j50.asm
                T2CONbits   0x000fca       data     extern E:\3.45\pic18-lt\cxx-framework\src\traditional\proc\p18f45j50.asm
                      PR2   0x000fcb       data     extern E:\3.45\pic18-lt\cxx-framework\src\traditional\proc\p18f45j50.asm
                     TMR2   0x000fcc       data     extern E:\3.45\pic18-lt\cxx-framework\src\traditional\proc\p18f45j50.asm
                    T1CON   0x000fcd       data     extern E:\3.45\pic18-lt\cxx-framework\src\traditional\proc\p18f45j50.asm
                T1CONbits   0x000fcd       data     extern E:\3.45\pic18-lt\cxx-framework\src\traditional\proc\p18f45j50.asm
                    TMR1L   0x000fce       data     extern E:\3.45\pic18-lt\cxx-framework\src\traditional\proc\p18f45j50.asm
                    TMR1H   0x000fcf       data     extern E:\3.45\pic18-lt\cxx-framework\src\traditional\proc\p18f45j50.asm
                 RCONbits   0x000fd0       data     extern E:\3.45\pic18-lt\cxx-framework\src\traditional\proc\p18f45j50.asm
                     RCON   0x000fd0       data     extern E:\3.45\pic18-lt\cxx-framework\src\traditional\proc\p18f45j50.asm
               CM2CONbits   0x000fd1       data     extern E:\3.45\pic18-lt\cxx-framework\src\traditional\proc\p18f45j50.asm
              CM2CON1bits   0x000fd1       data     extern E:\3.45\pic18-lt\cxx-framework\src\traditional\proc\p18f45j50.asm
                  CM2CON1   0x000fd1       data     extern E:\3.45\pic18-lt\cxx-framework\src\traditional\proc\p18f45j50.asm
                   CM2CON   0x000fd1       data     extern E:\3.45\pic18-lt\cxx-framework\src\traditional\proc\p18f45j50.asm
               CM1CONbits   0x000fd2       data     extern E:\3.45\pic18-lt\cxx-framework\src\traditional\proc\p18f45j50.asm
                   CM1CON   0x000fd2       data     extern E:\3.45\pic18-lt\cxx-framework\src\traditional\proc\p18f45j50.asm
              CM1CON1bits   0x000fd2       data     extern E:\3.45\pic18-lt\cxx-framework\src\traditional\proc\p18f45j50.asm
                  CM1CON1   0x000fd2       data     extern E:\3.45\pic18-lt\cxx-framework\src\traditional\proc\p18f45j50.asm
               OSCCONbits   0x000fd3       data     extern E:\3.45\pic18-lt\cxx-framework\src\traditional\proc\p18f45j50.asm
                   OSCCON   0x000fd3       data     extern E:\3.45\pic18-lt\cxx-framework\src\traditional\proc\p18f45j50.asm
                    T0CON   0x000fd5       data     extern E:\3.45\pic18-lt\cxx-framework\src\traditional\proc\p18f45j50.asm
                T0CONbits   0x000fd5       data     extern E:\3.45\pic18-lt\cxx-framework\src\traditional\proc\p18f45j50.asm
                    TMR0L   0x000fd6       data     extern E:\3.45\pic18-lt\cxx-framework\src\traditional\proc\p18f45j50.asm
                    TMR0H   0x000fd7       data     extern E:\3.45\pic18-lt\cxx-framework\src\traditional\proc\p18f45j50.asm
               STATUSbits   0x000fd8       data     extern E:\3.45\pic18-lt\cxx-framework\src\traditional\proc\p18f45j50.asm
                   STATUS   0x000fd8       data     extern E:\3.45\pic18-lt\cxx-framework\src\traditional\proc\p18f45j50.asm
                     FSR2   0x000fd9       data     extern E:\3.45\pic18-lt\cxx-framework\src\traditional\proc\p18f45j50.asm
                    FSR2L   0x000fd9       data     extern E:\3.45\pic18-lt\cxx-framework\src\traditional\proc\p18f45j50.asm
                    FSR2H   0x000fda       data     extern E:\3.45\pic18-lt\cxx-framework\src\traditional\proc\p18f45j50.asm
                   PLUSW2   0x000fdb       data     extern E:\3.45\pic18-lt\cxx-framework\src\traditional\proc\p18f45j50.asm
                  PREINC2   0x000fdc       data     extern E:\3.45\pic18-lt\cxx-framework\src\traditional\proc\p18f45j50.asm
                 POSTDEC2   0x000fdd       data     extern E:\3.45\pic18-lt\cxx-framework\src\traditional\proc\p18f45j50.asm
                 POSTINC2   0x000fde       data     extern E:\3.45\pic18-lt\cxx-framework\src\traditional\proc\p18f45j50.asm
                    INDF2   0x000fdf       data     extern E:\3.45\pic18-lt\cxx-framework\src\traditional\proc\p18f45j50.asm
                      BSR   0x000fe0       data     extern E:\3.45\pic18-lt\cxx-framework\src\traditional\proc\p18f45j50.asm
                    FSR1L   0x000fe1       data     extern E:\3.45\pic18-lt\cxx-framework\src\traditional\proc\p18f45j50.asm
                     FSR1   0x000fe1       data     extern E:\3.45\pic18-lt\cxx-framework\src\traditional\proc\p18f45j50.asm
                    FSR1H   0x000fe2       data     extern E:\3.45\pic18-lt\cxx-framework\src\traditional\proc\p18f45j50.asm
                   PLUSW1   0x000fe3       data     extern E:\3.45\pic18-lt\cxx-framework\src\traditional\proc\p18f45j50.asm
                  PREINC1   0x000fe4       data     extern E:\3.45\pic18-lt\cxx-framework\src\traditional\proc\p18f45j50.asm
                 POSTDEC1   0x000fe5       data     extern E:\3.45\pic18-lt\cxx-framework\src\traditional\proc\p18f45j50.asm
                 POSTINC1   0x000fe6       data     extern E:\3.45\pic18-lt\cxx-framework\src\traditional\proc\p18f45j50.asm
                    INDF1   0x000fe7       data     extern E:\3.45\pic18-lt\cxx-framework\src\traditional\proc\p18f45j50.asm
                     WREG   0x000fe8       data     extern E:\3.45\pic18-lt\cxx-framework\src\traditional\proc\p18f45j50.asm
                    FSR0L   0x000fe9       data     extern E:\3.45\pic18-lt\cxx-framework\src\traditional\proc\p18f45j50.asm
                     FSR0   0x000fe9       data     extern E:\3.45\pic18-lt\cxx-framework\src\traditional\proc\p18f45j50.asm
                    FSR0H   0x000fea       data     extern E:\3.45\pic18-lt\cxx-framework\src\traditional\proc\p18f45j50.asm
                   PLUSW0   0x000feb       data     extern E:\3.45\pic18-lt\cxx-framework\src\traditional\proc\p18f45j50.asm
                  PREINC0   0x000fec       data     extern E:\3.45\pic18-lt\cxx-framework\src\traditional\proc\p18f45j50.asm
                 POSTDEC0   0x000fed       data     extern E:\3.45\pic18-lt\cxx-framework\src\traditional\proc\p18f45j50.asm
                 POSTINC0   0x000fee       data     extern E:\3.45\pic18-lt\cxx-framework\src\traditional\proc\p18f45j50.asm
                    INDF0   0x000fef       data     extern E:\3.45\pic18-lt\cxx-framework\src\traditional\proc\p18f45j50.asm
              INTCON3bits   0x000ff0       data     extern E:\3.45\pic18-lt\cxx-framework\src\traditional\proc\p18f45j50.asm
                  INTCON3   0x000ff0       data     extern E:\3.45\pic18-lt\cxx-framework\src\traditional\proc\p18f45j50.asm
                  INTCON2   0x000ff1       data     extern E:\3.45\pic18-lt\cxx-framework\src\traditional\proc\p18f45j50.asm
              INTCON2bits   0x000ff1       data     extern E:\3.45\pic18-lt\cxx-framework\src\traditional\proc\p18f45j50.asm
                   INTCON   0x000ff2       data     extern E:\3.45\pic18-lt\cxx-framework\src\traditional\proc\p18f45j50.asm
               INTCONbits   0x000ff2       data     extern E:\3.45\pic18-lt\cxx-framework\src\traditional\proc\p18f45j50.asm
                    PRODL   0x000ff3       data     extern E:\3.45\pic18-lt\cxx-framework\src\traditional\proc\p18f45j50.asm
                     PROD   0x000ff3       data     extern E:\3.45\pic18-lt\cxx-framework\src\traditional\proc\p18f45j50.asm
                    PRODH   0x000ff4       data     extern E:\3.45\pic18-lt\cxx-framework\src\traditional\proc\p18f45j50.asm
                   TABLAT   0x000ff5       data     extern E:\3.45\pic18-lt\cxx-framework\src\traditional\proc\p18f45j50.asm
                   TBLPTR   0x000ff6       data     extern E:\3.45\pic18-lt\cxx-framework\src\traditional\proc\p18f45j50.asm
                  TBLPTRL   0x000ff6       data     extern E:\3.45\pic18-lt\cxx-framework\src\traditional\proc\p18f45j50.asm
                  TBLPTRH   0x000ff7       data     extern E:\3.45\pic18-lt\cxx-framework\src\traditional\proc\p18f45j50.asm
                  TBLPTRU   0x000ff8       data     extern E:\3.45\pic18-lt\cxx-framework\src\traditional\proc\p18f45j50.asm
                       PC   0x000ff9       data     extern E:\3.45\pic18-lt\cxx-framework\src\traditional\proc\p18f45j50.asm
                      PCL   0x000ff9       data     extern E:\3.45\pic18-lt\cxx-framework\src\traditional\proc\p18f45j50.asm
                   PCLATH   0x000ffa       data     extern E:\3.45\pic18-lt\cxx-framework\src\traditional\proc\p18f45j50.asm
                   PCLATU   0x000ffb       data     extern E:\3.45\pic18-lt\cxx-framework\src\traditional\proc\p18f45j50.asm
               STKPTRbits   0x000ffc       data     extern E:\3.45\pic18-lt\cxx-framework\src\traditional\proc\p18f45j50.asm
                   STKPTR   0x000ffc       data     extern E:\3.45\pic18-lt\cxx-framework\src\traditional\proc\p18f45j50.asm
                     TOSL   0x000ffd       data     extern E:\3.45\pic18-lt\cxx-framework\src\traditional\proc\p18f45j50.asm
                      TOS   0x000ffd       data     extern E:\3.45\pic18-lt\cxx-framework\src\traditional\proc\p18f45j50.asm
                     TOSH   0x000ffe       data     extern E:\3.45\pic18-lt\cxx-framework\src\traditional\proc\p18f45j50.asm
                     TOSU   0x000fff       data     extern E:\3.45\pic18-lt\cxx-framework\src\traditional\proc\p18f45j50.asm


